Component: ARM Compiler 5.06 update 5 (build 528) Tool: armlink [4d35e2]

==============================================================================

Section Cross References

    startup_stm32f407xx.o(RESET) refers to startup_stm32f407xx.o(STACK) for __initial_sp
    startup_stm32f407xx.o(RESET) refers to startup_stm32f407xx.o(.text) for Reset_Handler
    startup_stm32f407xx.o(RESET) refers to stm32f4xx_it.o(i.NMI_Handler) for NMI_Handler
    startup_stm32f407xx.o(RESET) refers to stm32f4xx_it.o(i.HardFault_Handler) for HardFault_Handler
    startup_stm32f407xx.o(RESET) refers to stm32f4xx_it.o(i.MemManage_Handler) for MemManage_Handler
    startup_stm32f407xx.o(RESET) refers to stm32f4xx_it.o(i.BusFault_Handler) for BusFault_Handler
    startup_stm32f407xx.o(RESET) refers to stm32f4xx_it.o(i.UsageFault_Handler) for UsageFault_Handler
    startup_stm32f407xx.o(RESET) refers to port.o(.emb_text) for SVC_Handler
    startup_stm32f407xx.o(RESET) refers to stm32f4xx_it.o(i.DebugMon_Handler) for DebugMon_Handler
    startup_stm32f407xx.o(RESET) refers to delay.o(i.SysTick_Handler) for SysTick_Handler
    startup_stm32f407xx.o(RESET) refers to encoder.o(i.TIM1_BRK_TIM9_IRQHandler) for TIM1_BRK_TIM9_IRQHandler
    startup_stm32f407xx.o(RESET) refers to usart.o(i.USART1_IRQHandler) for USART1_IRQHandler
    startup_stm32f407xx.o(RESET) refers to usart2.o(i.USART3_IRQHandler) for USART3_IRQHandler
    startup_stm32f407xx.o(RESET) refers to usart3.o(i.UART4_IRQHandler) for UART4_IRQHandler
    startup_stm32f407xx.o(.text) refers to system_stm32f4xx.o(i.SystemInit) for SystemInit
    startup_stm32f407xx.o(.text) refers to entry.o(.ARM.Collect$$$$00000000) for __main
    main.o(i.main) refers to stm32f4xx_hal.o(i.HAL_Init) for HAL_Init
    main.o(i.main) refers to sys.o(i.sys_stm32_clock_init) for sys_stm32_clock_init
    main.o(i.main) refers to delay.o(i.delay_init) for delay_init
    main.o(i.main) refers to usart.o(i.usart_init) for usart_init
    main.o(i.main) refers to usart2.o(i.usart2_init) for usart2_init
    main.o(i.main) refers to usart3.o(i.usart3_init) for usart3_init
    main.o(i.main) refers to sram.o(i.sram_init) for sram_init
    main.o(i.main) refers to malloc.o(i.my_mem_init) for my_mem_init
    main.o(i.main) refers to printf5.o(i.__0fprintf$5) for __2fprintf
    main.o(i.main) refers to delay.o(i.delay_ms) for delay_ms
    main.o(i.main) refers to printf5.o(i.__0printf$5) for __2printf
    main.o(i.main) refers to freertos_demo.o(i.freertos_demo) for freertos_demo
    main.o(i.main) refers to stderr.o(.data) for __stderr
    system_stm32f4xx.o(i.SystemCoreClockUpdate) refers to system_stm32f4xx.o(.data) for .data
    system_stm32f4xx.o(i.SystemCoreClockUpdate) refers to system_stm32f4xx.o(.constdata) for .constdata
    freertos_demo.o(i.bianyuan_task) refers to event_groups.o(i.xEventGroupWaitBits) for xEventGroupWaitBits
    freertos_demo.o(i.bianyuan_task) refers to port.o(i.vPortEnterCritical) for vPortEnterCritical
    freertos_demo.o(i.bianyuan_task) refers to motor.o(i.Set_L) for Set_L
    freertos_demo.o(i.bianyuan_task) refers to motor.o(i.Set_R) for Set_R
    freertos_demo.o(i.bianyuan_task) refers to motor.o(i.B_Set_L) for B_Set_L
    freertos_demo.o(i.bianyuan_task) refers to motor.o(i.B_Set_R) for B_Set_R
    freertos_demo.o(i.bianyuan_task) refers to delay.o(i.delay_ms) for delay_ms
    freertos_demo.o(i.bianyuan_task) refers to port.o(i.vPortExitCritical) for vPortExitCritical
    freertos_demo.o(i.bianyuan_task) refers to freertos_demo.o(.data) for .data
    freertos_demo.o(i.freertos_demo) refers to motor.o(i.Motor_Init) for Motor_Init
    freertos_demo.o(i.freertos_demo) refers to motor.o(i.H_L_GPIO_Init) for H_L_GPIO_Init
    freertos_demo.o(i.freertos_demo) refers to encoder.o(i.Encoder_Init) for Encoder_Init
    freertos_demo.o(i.freertos_demo) refers to red.o(i.RED_GPIO_Init) for RED_GPIO_Init
    freertos_demo.o(i.freertos_demo) refers to tasks.o(i.xTaskCreate) for xTaskCreate
    freertos_demo.o(i.freertos_demo) refers to tasks.o(i.vTaskStartScheduler) for vTaskStartScheduler
    freertos_demo.o(i.freertos_demo) refers to freertos_demo.o(.data) for .data
    freertos_demo.o(i.freertos_demo) refers to freertos_demo.o(i.start_task) for start_task
    freertos_demo.o(i.iwdg_task) refers to stm32f4xx_hal_iwdg.o(i.HAL_IWDG_Refresh) for HAL_IWDG_Refresh
    freertos_demo.o(i.iwdg_task) refers to tasks.o(i.vTaskDelay) for vTaskDelay
    freertos_demo.o(i.iwdg_task) refers to iwdg.o(.bss) for hiwdg
    freertos_demo.o(i.shibie_task) refers to event_groups.o(i.xEventGroupWaitBits) for xEventGroupWaitBits
    freertos_demo.o(i.shibie_task) refers to port.o(i.vPortEnterCritical) for vPortEnterCritical
    freertos_demo.o(i.shibie_task) refers to motor.o(i.Set_L) for Set_L
    freertos_demo.o(i.shibie_task) refers to motor.o(i.B_Set_L) for B_Set_L
    freertos_demo.o(i.shibie_task) refers to motor.o(i.Set_R) for Set_R
[...]
    i.ulTaskGenericNotifyTake                0x08004c5c   Section        0  tasks.o(i.ulTaskGenericNotifyTake)
    i.usart2_init                            0x08004d20   Section        0  usart2.o(i.usart2_init)
    i.usart3_init                            0x08004d58   Section        0  usart3.o(i.usart3_init)
    i.usart_init                             0x08004d90   Section        0  usart.o(i.usart_init)
    i.uxListRemove                           0x08004dc8   Section        0  list.o(i.uxListRemove)
    i.uxTaskResetEventItemValue              0x08004df0   Section        0  tasks.o(i.uxTaskResetEventItemValue)
    i.vListInitialise                        0x08004e08   Section        0  list.o(i.vListInitialise)
    i.vListInitialiseItem                    0x08004e1e   Section        0  list.o(i.vListInitialiseItem)
    i.vListInsert                            0x08004e24   Section        0  list.o(i.vListInsert)
    i.vListInsertEnd                         0x08004e54   Section        0  list.o(i.vListInsertEnd)
    i.vPortEnterCritical                     0x08004e6c   Section        0  port.o(i.vPortEnterCritical)
    i.vPortExitCritical                      0x08004ef4   Section        0  port.o(i.vPortExitCritical)
    i.vPortFree                              0x08004f68   Section        0  heap_4.o(i.vPortFree)
    i.vPortSetupTimerInterrupt               0x08005018   Section        0  port.o(i.vPortSetupTimerInterrupt)
    i.vQueueAddToRegistry                    0x0800503c   Section        0  queue.o(i.vQueueAddToRegistry)
    i.vQueueWaitForMessageRestricted         0x080050c0   Section        0  queue.o(i.vQueueWaitForMessageRestricted)
    i.vTaskDelay                             0x08005104   Section        0  tasks.o(i.vTaskDelay)
    i.vTaskDelete                            0x08005180   Section        0  tasks.o(i.vTaskDelete)
    i.vTaskInternalSetTimeOutState           0x08005264   Section        0  tasks.o(i.vTaskInternalSetTimeOutState)
    i.vTaskMissedYield                       0x08005274   Section        0  tasks.o(i.vTaskMissedYield)
    i.vTaskPlaceOnEventList                  0x08005280   Section        0  tasks.o(i.vTaskPlaceOnEventList)
    i.vTaskPlaceOnEventListRestricted        0x080052e4   Section        0  tasks.o(i.vTaskPlaceOnEventListRestricted)
    i.vTaskPlaceOnUnorderedEventList         0x0800536c   Section        0  tasks.o(i.vTaskPlaceOnUnorderedEventList)
    i.vTaskRemoveFromUnorderedEventList      0x08005408   Section        0  tasks.o(i.vTaskRemoveFromUnorderedEventList)
    i.vTaskStartScheduler                    0x08005500   Section        0  tasks.o(i.vTaskStartScheduler)
    i.vTaskSuspendAll                        0x080055a0   Section        0  tasks.o(i.vTaskSuspendAll)
    i.vTaskSwitchContext                     0x080055b0   Section        0  tasks.o(i.vTaskSwitchContext)
    i.xEventGroupClearBits                   0x0800563c   Section        0  event_groups.o(i.xEventGroupClearBits)
    i.xEventGroupCreate                      0x080056b0   Section        0  event_groups.o(i.xEventGroupCreate)
    i.xEventGroupSetBits                     0x080056cc   Section        0  event_groups.o(i.xEventGroupSetBits)
    i.xEventGroupWaitBits                    0x0800578c   Section        0  event_groups.o(i.xEventGroupWaitBits)
    i.xPortStartScheduler                    0x080058c0   Section        0  port.o(i.xPortStartScheduler)
    i.xPortSysTickHandler                    0x08005a04   Section        0  port.o(i.xPortSysTickHandler)
    i.xQueueGenericCreate                    0x08005a30   Section        0  queue.o(i.xQueueGenericCreate)
    i.xQueueGenericReset                     0x08005ac8   Section        0  queue.o(i.xQueueGenericReset)
    i.xQueueReceive                          0x08005bac   Section        0  queue.o(i.xQueueReceive)
    i.xTaskCheckForTimeOut                   0x08005d0c   Section        0  tasks.o(i.xTaskCheckForTimeOut)
    i.xTaskCreate                            0x08005dc4   Section        0  tasks.o(i.xTaskCreate)
    i.xTaskGenericNotify                     0x08005e1c   Section        0  tasks.o(i.xTaskGenericNotify)
    i.xTaskGetSchedulerState                 0x08005f8c   Section        0  tasks.o(i.xTaskGetSchedulerState)
    i.xTaskGetTickCount                      0x08005fa8   Section        0  tasks.o(i.xTaskGetTickCount)
    i.xTaskIncrementTick                     0x08005fb4   Section        0  tasks.o(i.xTaskIncrementTick)
    i.xTaskPriorityDisinherit                0x0800611c   Section        0  tasks.o(i.xTaskPriorityDisinherit)
    i.xTaskRemoveFromEventList               0x08006200   Section        0  tasks.o(i.xTaskRemoveFromEventList)
    i.xTaskResumeAll                         0x0800630c   Section        0  tasks.o(i.xTaskResumeAll)
    i.xTimerCreateTimerTask                  0x0800646c   Section        0  timers.o(i.xTimerCreateTimerTask)
    i.xram_delay                             0x080064ec   Section        0  xmram.o(i.xram_delay)
    xram_delay                               0x080064ed   Thumb Code    16  xmram.o(i.xram_delay)
    i.xunhang_task                           0x080064fc   Section        0  freertos_demo.o(i.xunhang_task)
    .constdata                               0x0800653c   Section       16  system_stm32f4xx.o(.constdata)
    .constdata                               0x0800654c   Section        8  system_stm32f4xx.o(.constdata)
    .constdata                               0x08006554   Section       36  malloc.o(.constdata)
    .constdata                               0x08006578   Section       64  ctype_c.o(.constdata)
    .ARM.__AT_0x10000000                     0x10000000   Section    61440  malloc.o(.ARM.__AT_0x10000000)
    .ARM.__AT_0x1000F000                     0x1000f000   Section     3840  malloc.o(.ARM.__AT_0x1000F000)
    .data                                    0x20000000   Section        4  system_stm32f4xx.o(.data)
    .data                                    0x20000004   Section       32  freertos_demo.o(.data)
    .data                                    0x20000024   Section        4  delay.o(.data)
    g_fac_us                                 0x20000024   Data           4  delay.o(.data)
    .data                                    0x20000028   Section       36  usart.o(.data)
    .data                                    0x2000004c   Section        2  usart2.o(.data)
    .data                                    0x2000004e   Section        1  usart2.o(.data)
    .data                                    0x2000004f   Section        1  usart3.o(.data)
    .data                                    0x20000050   Section       12  stm32f4xx_hal.o(.data)
    .data                                    0x2000005c   Section        4  encoder.o(.data)
    .data                                    0x20000060   Section       36  malloc.o(.data)
    .data                                    0x20000084   Section       64  tasks.o(.data)
    uxDeletedTasksWaitingCleanUp             0x20000088   Data           4  tasks.o(.data)
    uxCurrentNumberOfTasks                   0x2000008c   Data           4  tasks.o(.data)
    xTickCount                               0x20000090   Data           4  tasks.o(.data)
    uxTopReadyPriority                       0x20000094   Data           4  tasks.o(.data)
    xSchedulerRunning                        0x20000098   Data           4  tasks.o(.data)
    xPendedTicks                             0x2000009c   Data           4  tasks.o(.data)
    xYieldPending                            0x200000a0   Data           4  tasks.o(.data)
    xNumOfOverflows                          0x200000a4   Data           4  tasks.o(.data)
    uxTaskNumber                             0x200000a8   Data           4  tasks.o(.data)
    xNextTaskUnblockTime                     0x200000ac   Data           4  tasks.o(.data)
    xIdleTaskHandle                          0x200000b0   Data           4  tasks.o(.data)
    uxSchedulerSuspended                     0x200000b8   Data           4  tasks.o(.data)
    pxDelayedTaskList                        0x200000bc   Data           4  tasks.o(.data)
    pxOverflowDelayedTaskList                0x200000c0   Data           4  tasks.o(.data)
    .data                                    0x200000c4   Section       20  timers.o(.data)
    xTimerQueue                              0x200000c4   Data           4  timers.o(.data)
    xTimerTaskHandle                         0x200000c8   Data           4  timers.o(.data)
    xLastTime                                0x200000cc   Data           4  timers.o(.data)
    pxCurrentTimerList                       0x200000d0   Data           4  timers.o(.data)
    pxOverflowTimerList                      0x200000d4   Data           4  timers.o(.data)
    .data                                    0x200000d8   Section       32  heap_4.o(.data)
    pxEnd                                    0x200000d8   Data           4  heap_4.o(.data)
    xFreeBytesRemaining                      0x200000dc   Data           4  heap_4.o(.data)
    xMinimumEverFreeBytesRemaining           0x200000e0   Data           4  heap_4.o(.data)
    xNumberOfSuccessfulAllocations           0x200000e4   Data           4  heap_4.o(.data)
    xNumberOfSuccessfulFrees                 0x200000e8   Data           4  heap_4.o(.data)
    xBlockAllocatedBit                       0x200000ec   Data           4  heap_4.o(.data)
    xStart                                   0x200000f0   Data           8  heap_4.o(.data)
    .data                                    0x200000f8   Section       12  port.o(.data)
    ucMaxSysCallPriority                     0x200000f8   Data           1  port.o(.data)
    uxCriticalNesting                        0x200000fc   Data           4  port.o(.data)
    ulMaxPRIGROUPValue                       0x20000100   Data           4  port.o(.data)
    .data                                    0x20000104   Section       10  xmram.o(.data)
    .data                                    0x20000110   Section        4  stderr.o(.data)
    .bss                                     0x20000114   Section      424  usart.o(.bss)
    .bss                                     0x200002bc   Section      128  usart2.o(.bss)
    .bss                                     0x2000033c   Section       68  usart2.o(.bss)
    .bss                                     0x20000380   Section       68  usart3.o(.bss)
    .bss                                     0x200003c4   Section       80  sram.o(.bss)
    .bss                                     0x20000414   Section      288  encoder.o(.bss)
    .bss                                     0x20000534   Section      200  motor.o(.bss)
    .bss                                     0x200005fc   Section       12  iwdg.o(.bss)
    .bss                                     0x20000620   Section    92160  malloc.o(.bss)
    .bss                                     0x20016e20   Section     5760  malloc.o(.bss)
    .bss                                     0x200184a0   Section       64  queue.o(.bss)
    .bss                                     0x200184e0   Section      740  tasks.o(.bss)
    pxReadyTasksLists                        0x200184e0   Data         640  tasks.o(.bss)
    xDelayedTaskList1                        0x20018760   Data          20  tasks.o(.bss)
    xDelayedTaskList2                        0x20018774   Data          20  tasks.o(.bss)
    xPendingReadyList                        0x20018788   Data          20  tasks.o(.bss)
    xTasksWaitingTermination                 0x2001879c   Data          20  tasks.o(.bss)
    xSuspendedTaskList                       0x200187b0   Data          20  tasks.o(.bss)
    .bss                                     0x200187c4   Section       40  timers.o(.bss)
    xActiveTimerList1                        0x200187c4   Data          20  timers.o(.bss)
    xActiveTimerList2                        0x200187d8   Data          20  timers.o(.bss)
    .bss                                     0x200187ec   Section    10240  heap_4.o(.bss)
    ucHeap                                   0x200187ec   Data       10240  heap_4.o(.bss)
    STACK                                    0x2001aff0   Section     1024  startup_stm32f407xx.o(STACK)
    .ARM.__AT_0x68000000                     0x68000000   Section    986112  malloc.o(.ARM.__AT_0x68000000)
    .ARM.__AT_0x680F0C00                     0x680f0c00   Section    61632  malloc.o(.ARM.__AT_0x680F0C00)

    Global Symbols

    Symbol Name                              Value     Ov Type        Size  Object(Section)

    BuildAttributes$$THM_ISAv4$E$P$D$K$B$S$7EM$VFPi3$EXTD16$VFPS$VFMA$PE$A:L22UL41UL21$X:L11$S22US41US21$IEEE1$IW$USESV6$~STKCKD$USESV7$~SHL$OTIME$ROPI$EBA8$MICROLIB$REQ8$PRES8$EABIv2 0x00000000   Number         0  anon$$obj.o ABSOLUTE
    __ARM_use_no_argv                        0x00000000   Number         0  main.o ABSOLUTE
    __use_no_errno                           0x00000000   Number         0  useno.o ABSOLUTE
    __use_no_exception_handling              0x00000000   Number         0  useno.o ABSOLUTE
    __use_no_fp                              0x00000000   Number         0  useno.o ABSOLUTE
    __use_no_heap                            0x00000000   Number         0  useno.o ABSOLUTE
    __use_no_heap_region                     0x00000000   Number         0  useno.o ABSOLUTE
    __use_no_semihosting                     0x00000000   Number         0  useno.o ABSOLUTE
    __use_no_semihosting_swi                 0x00000000   Number         0  useno.o ABSOLUTE
    __use_no_signal_handling                 0x00000000   Number         0  useno.o ABSOLUTE
    _printf_a                                0x00000000   Number         0  stubs.o ABSOLUTE
    _printf_c                                0x00000000   Number         0  stubs.o ABSOLUTE
    _printf_charcount                        0x00000000   Number         0  stubs.o ABSOLUTE
    _printf_d                                0x00000000   Number         0  stubs.o ABSOLUTE
    _printf_e                                0x00000000   Number         0  stubs.o ABSOLUTE
    _printf_f                                0x00000000   Number         0  stubs.o ABSOLUTE
    _printf_flags                            0x00000000   Number         0  stubs.o ABSOLUTE
    _printf_fp_dec                           0x00000000   Number         0  stubs.o ABSOLUTE
    _printf_fp_hex                           0x00000000   Number         0  stubs.o ABSOLUTE
    _printf_g                                0x00000000   Number         0  stubs.o ABSOLUTE
    _printf_i                                0x00000000   Number         0  stubs.o ABSOLUTE
    _printf_int_dec                          0x00000000   Number         0  stubs.o ABSOLUTE
    _printf_l                                0x00000000   Number         0  stubs.o ABSOLUTE
    _printf_lc                               0x00000000   Number         0  stubs.o ABSOLUTE
    _printf_ll                               0x00000000   Number         0  stubs.o ABSOLUTE
    _printf_lld                              0x00000000   Number         0  stubs.o ABSOLUTE
    _printf_lli                              0x00000000   Number         0  stubs.o ABSOLUTE
    _printf_llo                              0x00000000   Number         0  stubs.o ABSOLUTE
    _printf_llu                              0x00000000   Number         0  stubs.o ABSOLUTE
    _printf_llx                              0x00000000   Number         0  stubs.o ABSOLUTE
    _printf_longlong_dec                     0x00000000   Number         0  stubs.o ABSOLUTE
    _printf_longlong_hex                     0x00000000   Number         0  stubs.o ABSOLUTE
    _printf_longlong_oct                     0x00000000   Number         0  stubs.o ABSOLUTE
    _printf_ls                               0x00000000   Number         0  stubs.o ABSOLUTE
    _printf_mbtowc                           0x00000000   Number         0  stubs.o ABSOLUTE
    _printf_n                                0x00000000   Number         0  stubs.o ABSOLUTE
    _printf_o                                0x00000000   Number         0  stubs.o ABSOLUTE
    _printf_p                                0x00000000   Number         0  stubs.o ABSOLUTE
    _printf_percent                          0x00000000   Number         0  stubs.o ABSOLUTE
    _printf_pre_padding                      0x00000000   Number         0  stubs.o ABSOLUTE
    _printf_return_value                     0x00000000   Number         0  stubs.o ABSOLUTE
    _printf_s                                0x00000000   Number         0  stubs.o ABSOLUTE
    _printf_sizespec                         0x00000000   Number         0  stubs.o ABSOLUTE
    _printf_str                              0x00000000   Number         0  stubs.o ABSOLUTE
    _printf_truncate_signed                  0x00000000   Number         0  stubs.o ABSOLUTE
    _printf_truncate_unsigned                0x00000000   Number         0  stubs.o ABSOLUTE
    _printf_u                                0x00000000   Number         0  stubs.o ABSOLUTE
    _printf_wc                               0x00000000   Number         0  stubs.o ABSOLUTE
    _printf_wctomb                           0x00000000   Number         0  stubs.o ABSOLUTE
    _printf_widthprec                        0x00000000   Number         0  stubs.o ABSOLUTE
    _printf_x                                0x00000000   Number         0  stubs.o ABSOLUTE
    __cpp_initialize__aeabi_                  - Undefined Weak Reference
    __cxa_finalize                            - Undefined Weak Reference
    __decompress                              - Undefined Weak Reference
    _clock_init                               - Undefined Weak Reference
    _microlib_exit                            - Undefined Weak Reference
    _scanf_longlong                           - Undefined Weak Reference
    _scanf_real                               - Undefined Weak Reference
    _scanf_string                             - Undefined Weak Reference
    __Vectors_Size                           0x00000188   Number         0  startup_stm32f407xx.o ABSOLUTE
    __Vectors                                0x08000000   Data           4  startup_stm32f407xx.o(RESET)
    __Vectors_End                            0x08000188   Data           0  startup_stm32f407xx.o(RESET)
    __main                                   0x08000189   Thumb Code     0  entry.o(.ARM.Collect$$$$00000000)
    _main_stk                                0x08000189   Thumb Code     0  entry2.o(.ARM.Collect$$$$00000001)
    _main_scatterload                        0x0800018d   Thumb Code     0  entry5.o(.ARM.Collect$$$$00000004)
    __main_after_scatterload                 0x08000191   Thumb Code     0  entry5.o(.ARM.Collect$$$$00000004)
    _main_clock                              0x08000191   Thumb Code     0  entry7b.o(.ARM.Collect$$$$00000008)
    _main_cpp_init                           0x08000191   Thumb Code     0  entry8b.o(.ARM.Collect$$$$0000000A)
    _main_init                               0x08000191   Thumb Code     0  entry9a.o(.ARM.Collect$$$$0000000B)
    __rt_final_cpp                           0x08000199   Thumb Code     0  entry10a.o(.ARM.Collect$$$$0000000D)
    __rt_final_exit                          0x08000199   Thumb Code     0  entry11a.o(.ARM.Collect$$$$0000000F)
    SVC_Handler                              0x0800019d   Thumb Code    28  port.o(.emb_text)
    __asm___6_port_c_39a90d8d__prvStartFirstTask 0x080001bd   Thumb Code    36  port.o(.emb_text)
    __asm___6_port_c_39a90d8d__prvEnableVFP  0x080001e5   Thumb Code    16  port.o(.emb_text)
    PendSV_Handler                           0x080001f9   Thumb Code    88  port.o(.emb_text)
    vPortGetIPSR                             0x08000255   Thumb Code     6  port.o(.emb_text)
    Reset_Handler                            0x0800025d   Thumb Code    18  startup_stm32f407xx.o(.text)
    ADC_IRQHandler                           0x08000281   Thumb Code     0  startup_stm32f407xx.o(.text)
    CAN1_RX0_IRQHandler                      0x08000281   Thumb Code     0  startup_stm32f407xx.o(.text)
    CAN1_RX1_IRQHandler                      0x08000281   Thumb Code     0  startup_stm32f407xx.o(.text)
    CAN1_SCE_IRQHandler                      0x08000281   Thumb Code     0  startup_stm32f407xx.o(.text)
    CAN1_TX_IRQHandler                       0x08000281   Thumb Code     0  startup_stm32f407xx.o(.text)
    CAN2_RX0_IRQHandler                      0x08000281   Thumb Code     0  startup_stm32f407xx.o(.text)
    CAN2_RX1_IRQHandler                      0x08000281   Thumb Code     0  startup_stm32f407xx.o(.text)
    CAN2_SCE_IRQHandler                      0x08000281   Thumb Code     0  startup_stm32f407xx.o(.text)
    CAN2_TX_IRQHandler                       0x08000281   Thumb Code     0  startup_stm32f407xx.o(.text)
    DCMI_IRQHandler                          0x08000281   Thumb Code     0  startup_stm32f407xx.o(.text)
    DMA1_Stream0_IRQHandler                  0x08000281   Thumb Code     0  startup_stm32f407xx.o(.text)
    DMA1_Stream1_IRQHandler                  0x08000281   Thumb Code     0  startup_stm32f407xx.o(.text)
    DMA1_Stream2_IRQHandler                  0x08000281   Thumb Code     0  startup_stm32f407xx.o(.text)
    DMA1_Stream3_IRQHandler                  0x08000281   Thumb Code     0  startup_stm32f407xx.o(.text)
    DMA1_Stream4_IRQHandler                  0x08000281   Thumb Code     0  startup_stm32f407xx.o(.text)
    DMA1_Stream5_IRQHandler                  0x08000281   Thumb Code     0  startup_stm32f407xx.o(.text)
    DMA1_Stream6_IRQHandler                  0x08000281   Thumb Code     0  startup_stm32f407xx.o(.text)
    DMA1_Stream7_IRQHandler                  0x08000281   Thumb Code     0  startup_stm32f407xx.o(.text)
    DMA2_Stream0_IRQHandler                  0x08000281   Thumb Code     0  startup_stm32f407xx.o(.text)
    DMA2_Stream1_IRQHandler                  0x08000281   Thumb Code     0  startup_stm32f407xx.o(.text)
    DMA2_Stream2_IRQHandler                  0x08000281   Thumb Code     0  startup_stm32f407xx.o(.text)
    DMA2_Stream3_IRQHandler                  0x08000281   Thumb Code     0  startup_stm32f407xx.o(.text)
    DMA2_Stream4_IRQHandler                  0x08000281   Thumb Code     0  startup_stm32f407xx.o(.text)
    DMA2_Stream5_IRQHandler                  0x08000281   Thumb Code     0  startup_stm32f407xx.o(.text)
    DMA2_Stream6_IRQHandler                  0x08000281   Thumb Code     0  startup_stm32f407xx.o(.text)
    DMA2_Stream7_IRQHandler                  0x08000281   Thumb Code     0  startup_stm32f407xx.o(.text)
    ETH_IRQHandler                           0x08000281   Thumb Code     0  startup_stm32f407xx.o(.text)
    ETH_WKUP_IRQHandler                      0x08000281   Thumb Code     0  startup_stm32f407xx.o(.text)
    EXTI0_IRQHandler                         0x08000281   Thumb Code     0  startup_stm32f407xx.o(.text)
    EXTI15_10_IRQHandler                     0x08000281   Thumb Code     0  startup_stm32f407xx.o(.text)
    EXTI1_IRQHandler                         0x08000281   Thumb Code     0  startup_stm32f407xx.o(.text)
    EXTI2_IRQHandler                         0x08000281   Thumb Code     0  startup_stm32f407xx.o(.text)
    EXTI3_IRQHandler                         0x08000281   Thumb Code     0  startup_stm32f407xx.o(.text)
    EXTI4_IRQHandler                         0x08000281   Thumb Code     0  startup_stm32f407xx.o(.text)
    EXTI9_5_IRQHandler                       0x08000281   Thumb Code     0  startup_stm32f407xx.o(.text)
    FLASH_IRQHandler                         0x08000281   Thumb Code     0  startup_stm32f407xx.o(.text)
    FMC_IRQHandler                           0x08000281   Thumb Code     0  startup_stm32f407xx.o(.text)
    FPU_IRQHandler                           0x08000281   Thumb Code     0  startup_stm32f407xx.o(.text)
    HASH_RNG_IRQHandler                      0x08000281   Thumb Code     0  startup_stm32f407xx.o(.text)
    I2C1_ER_IRQHandler                       0x08000281   Thumb Code     0  startup_stm32f407xx.o(.text)
    I2C1_EV_IRQHandler                       0x08000281   Thumb Code     0  startup_stm32f407xx.o(.text)
    I2C2_ER_IRQHandler                       0x08000281   Thumb Code     0  startup_stm32f407xx.o(.text)
    I2C2_EV_IRQHandler                       0x08000281   Thumb Code     0  startup_stm32f407xx.o(.text)
    I2C3_ER_IRQHandler                       0x08000281   Thumb Code     0  startup_stm32f407xx.o(.text)
    I2C3_EV_IRQHandler                       0x08000281   Thumb Code     0  startup_stm32f407xx.o(.text)
    OTG_FS_IRQHandler                        0x08000281   Thumb Code     0  startup_stm32f407xx.o(.text)
    OTG_FS_WKUP_IRQHandler                   0x08000281   Thumb Code     0  startup_stm32f407xx.o(.text)
    OTG_HS_EP1_IN_IRQHandler                 0x08000281   Thumb Code     0  startup_stm32f407xx.o(.text)
    OTG_HS_EP1_OUT_IRQHandler                0x08000281   Thumb Code     0  startup_stm32f407xx.o(.text)
    OTG_HS_IRQHandler                        0x08000281   Thumb Code     0  startup_stm32f407xx.o(.text)
    OTG_HS_WKUP_IRQHandler                   0x08000281   Thumb Code     0  startup_stm32f407xx.o(.text)
    PVD_IRQHandler                           0x08000281   Thumb Code     0  startup_stm32f407xx.o(.text)
    RCC_IRQHandler                           0x08000281   Thumb Code     0  startup_stm32f407xx.o(.text)
    RTC_Alarm_IRQHandler                     0x08000281   Thumb Code     0  startup_stm32f407xx.o(.text)
    RTC_WKUP_IRQHandler                      0x08000281   Thumb Code     0  startup_stm32f407xx.o(.text)
    SDIO_IRQHandler                          0x08000281   Thumb Code     0  startup_stm32f407xx.o(.text)
    SPI1_IRQHandler                          0x08000281   Thumb Code     0  startup_stm32f407xx.o(.text)
    SPI2_IRQHandler                          0x08000281   Thumb Code     0  startup_stm32f407xx.o(.text)
    SPI3_IRQHandler                          0x08000281   Thumb Code     0  startup_stm32f407xx.o(.text)
    TAMP_STAMP_IRQHandler                    0x08000281   Thumb Code     0  startup_stm32f407xx.o(.text)
    TIM1_CC_IRQHandler                       0x08000281   Thumb Code     0  startup_stm32f407xx.o(.text)
    TIM1_TRG_COM_TIM11_IRQHandler            0x08000281   Thumb Code     0  startup_stm32f407xx.o(.text)
    TIM1_UP_TIM10_IRQHandler                 0x08000281   Thumb Code     0  startup_stm32f407xx.o(.text)
    TIM2_IRQHandler                          0x08000281   Thumb Code     0  startup_stm32f407xx.o(.text)
    TIM3_IRQHandler                          0x08000281   Thumb Code     0  startup_stm32f407xx.o(.text)
    TIM4_IRQHandler                          0x08000281   Thumb Code     0  startup_stm32f407xx.o(.text)
    TIM5_IRQHandler                          0x08000281   Thumb Code     0  startup_stm32f407xx.o(.text)
    TIM6_DAC_IRQHandler                      0x08000281   Thumb Code     0  startup_stm32f407xx.o(.text)
    TIM7_IRQHandler                          0x08000281   Thumb Code     0  startup_stm32f407xx.o(.text)
    TIM8_BRK_TIM12_IRQHandler                0x08000281   Thumb Code     0  startup_stm32f407xx.o(.text)
    TIM8_CC_IRQHandler                       0x08000281   Thumb Code     0  startup_stm32f407xx.o(.text)
    TIM8_TRG_COM_TIM14_IRQHandler            0x08000281   Thumb Code     0  startup_stm32f407xx.o(.text)
    TIM8_UP_TIM13_IRQHandler                 0x08000281   Thumb Code     0  startup_stm32f407xx.o(.text)
    UART5_IRQHandler                         0x08000281   Thumb Code     0  startup_stm32f407xx.o(.text)
    USART2_IRQHandler                        0x08000281   Thumb Code     0  startup_stm32f407xx.o(.text)
    USART6_IRQHandler                        0x08000281   Thumb Code     0  startup_stm32f407xx.o(.text)
    WWDG_IRQHandler                          0x08000281   Thumb Code     0  startup_stm32f407xx.o(.text)
    __aeabi_uldivmod                         0x08000291   Thumb Code    98  uldiv.o(.text)
    __aeabi_memcpy                           0x080002f3   Thumb Code    36  memcpya.o(.text)
    __aeabi_memcpy4                          0x080002f3   Thumb Code     0  memcpya.o(.text)
    __aeabi_memcpy8                          0x080002f3   Thumb Code     0  memcpya.o(.text)
    __aeabi_memset                           0x08000317   Thumb Code    14  memseta.o(.text)
    __aeabi_memset4                          0x08000317   Thumb Code     0  memseta.o(.text)
    __aeabi_memset8                          0x08000317   Thumb Code     0  memseta.o(.text)
    __aeabi_memclr                           0x08000325   Thumb Code     4  memseta.o(.text)
    __aeabi_memclr4                          0x08000325   Thumb Code     0  memseta.o(.text)
    __aeabi_memclr8                          0x08000325   Thumb Code     0  memseta.o(.text)
    memset                                   0x08000329   Thumb Code    18  memseta.o(.text)
    __0sscanf                                0x0800033d   Thumb Code    48  __0sscanf.o(.text)
    _scanf_int                               0x08000375   Thumb Code   332  _scanf_int.o(.text)
    __aeabi_dmul                             0x080004c1   Thumb Code   228  dmul.o(.text)
    __aeabi_i2d                              0x080005a5   Thumb Code    34  dflti.o(.text)
    __aeabi_d2f                              0x080005c7   Thumb Code    56  d2f.o(.text)
    __aeabi_llsl                             0x080005ff   Thumb Code    30  llshl.o(.text)
    _ll_shift_l                              0x080005ff   Thumb Code     0  llshl.o(.text)
    __aeabi_llsr                             0x0800061d   Thumb Code    32  llushr.o(.text)
    _ll_ushift_r                             0x0800061d   Thumb Code     0  llushr.o(.text)
    _chval                                   0x0800063d   Thumb Code    28  _chval.o(.text)
    __vfscanf_char                           0x08000665   Thumb Code    20  scanf_char.o(.text)
    _sgetc                                   0x08000681   Thumb Code    30  _sgetc.o(.text)
    _sbackspace                              0x0800069f   Thumb Code    34  _sgetc.o(.text)
    __I$use$fp                               0x080006c1   Thumb Code     0  iusefp.o(.text)
    _float_round                             0x080006c1   Thumb Code    18  fepilogue.o(.text)
    _float_epilogue                          0x080006d3   Thumb Code    92  fepilogue.o(.text)
    _double_round                            0x0800072f   Thumb Code    30  depilogue.o(.text)
    _double_epilogue                         0x0800074d   Thumb Code   156  depilogue.o(.text)
    __scatterload                            0x080007e9   Thumb Code    28  init.o(.text)
    __scatterload_rt2                        0x080007e9   Thumb Code     0  init.o(.text)
    isspace                                  0x0800080d   Thumb Code    10  isspace_c.o(.text)
    __vfscanf                                0x08000819   Thumb Code   808  _scanf.o(.text)
    __ctype_lookup                           0x08000b45   Thumb Code    34  ctype_c.o(.text)
    B_Set_L                                  0x08000b6d   Thumb Code    76  motor.o(i.B_Set_L)
    B_Set_R                                  0x08000bc1   Thumb Code    72  motor.o(i.B_Set_R)
    BusFault_Handler                         0x08000c11   Thumb Code     2  stm32f4xx_it.o(i.BusFault_Handler)
    DebugMon_Handler                         0x08000c13   Thumb Code     2  stm32f4xx_it.o(i.DebugMon_Handler)
    Encoder_Init                             0x08000d5d   Thumb Code    14  encoder.o(i.Encoder_Init)
    FSMC_NORSRAM_Extended_Timing_Init        0x08000d6d   Thumb Code    60  stm32f4xx_ll_fsmc.o(i.FSMC_NORSRAM_Extended_Timing_Init)
    FSMC_NORSRAM_Init                        0x08000dad   Thumb Code    80  stm32f4xx_ll_fsmc.o(i.FSMC_NORSRAM_Init)
    FSMC_NORSRAM_Timing_Init                 0x08000e01   Thumb Code    64  stm32f4xx_ll_fsmc.o(i.FSMC_NORSRAM_Timing_Init)
    HAL_DMA_Abort                            0x08000e45   Thumb Code   142  stm32f4xx_hal_dma.o(i.HAL_DMA_Abort)
    HAL_DMA_Abort_IT                         0x08000ed3   Thumb Code    36  stm32f4xx_hal_dma.o(i.HAL_DMA_Abort_IT)
    HAL_GPIO_Init                            0x08000ef9   Thumb Code   448  stm32f4xx_hal_gpio.o(i.HAL_GPIO_Init)
    HAL_GPIO_ReadPin                         0x080010e5   Thumb Code    10  stm32f4xx_hal_gpio.o(i.HAL_GPIO_ReadPin)
    HAL_GPIO_WritePin                        0x080010ef   Thumb Code    10  stm32f4xx_hal_gpio.o(i.HAL_GPIO_WritePin)
    HAL_GetREVID                             0x080010f9   Thumb Code     8  stm32f4xx_hal.o(i.HAL_GetREVID)
    HAL_GetTick                              0x08001105   Thumb Code     6  stm32f4xx_hal.o(i.HAL_GetTick)
    HAL_IWDG_Init                            0x08001111   Thumb Code    90  stm32f4xx_hal_iwdg.o(i.HAL_IWDG_Init)
    HAL_IWDG_Refresh                         0x0800116b   Thumb Code    12  stm32f4xx_hal_iwdg.o(i.HAL_IWDG_Refresh)
    HAL_IncTick                              0x08001179   Thumb Code    12  stm32f4xx_hal.o(i.HAL_IncTick)
    HAL_Init                                 0x08001189   Thumb Code    40  stm32f4xx_hal.o(i.HAL_Init)
    HAL_InitTick                             0x080011b5   Thumb Code    54  stm32f4xx_hal.o(i.HAL_InitTick)
    HAL_MspInit                              0x080011f5   Thumb Code     2  stm32f4xx_hal_msp_template.o(i.HAL_MspInit)
    HAL_NVIC_EnableIRQ                       0x080011f7   Thumb Code    26  stm32f4xx_hal_cortex.o(i.HAL_NVIC_EnableIRQ)
    HAL_NVIC_SetPriority                     0x08001211   Thumb Code    60  stm32f4xx_hal_cortex.o(i.HAL_NVIC_SetPriority)
    HAL_NVIC_SetPriorityGrouping             0x08001251   Thumb Code    26  stm32f4xx_hal_cortex.o(i.HAL_NVIC_SetPriorityGrouping)
    HAL_RCC_ClockConfig                      0x08001275   Thumb Code   288  stm32f4xx_hal_rcc.o(i.HAL_RCC_ClockConfig)
    HAL_RCC_GetPCLK1Freq                     0x080013a9   Thumb Code    20  stm32f4xx_hal_rcc.o(i.HAL_RCC_GetPCLK1Freq)
    HAL_RCC_GetPCLK2Freq                     0x080013c9   Thumb Code    20  stm32f4xx_hal_rcc.o(i.HAL_RCC_GetPCLK2Freq)
    HAL_RCC_GetSysClockFreq                  0x080013e9   Thumb Code    88  stm32f4xx_hal_rcc.o(i.HAL_RCC_GetSysClockFreq)
    HAL_RCC_OscConfig                        0x08001449   Thumb Code   856  stm32f4xx_hal_rcc.o(i.HAL_RCC_OscConfig)
    HAL_SRAM_Init                            0x080017b5   Thumb Code    86  stm32f4xx_hal_sram.o(i.HAL_SRAM_Init)
    HAL_SRAM_MspInit                         0x0800180d   Thumb Code   104  lcd.o(i.HAL_SRAM_MspInit)
    HAL_SYSTICK_CLKSourceConfig              0x08001881   Thumb Code    24  stm32f4xx_hal_cortex.o(i.HAL_SYSTICK_CLKSourceConfig)
    HAL_SYSTICK_Config                       0x08001899   Thumb Code    40  stm32f4xx_hal_cortex.o(i.HAL_SYSTICK_Config)
    HAL_TIMEx_BreakCallback                  0x080018c1   Thumb Code     2  stm32f4xx_hal_tim_ex.o(i.HAL_TIMEx_BreakCallback)
    HAL_TIMEx_CommutCallback                 0x080018c3   Thumb Code     2  stm32f4xx_hal_tim_ex.o(i.HAL_TIMEx_CommutCallback)
    HAL_TIM_Encoder_Init                     0x080018c5   Thumb Code   164  stm32f4xx_hal_tim.o(i.HAL_TIM_Encoder_Init)
    HAL_TIM_Encoder_MspInit                  0x08001969   Thumb Code     2  stm32f4xx_hal_tim.o(i.HAL_TIM_Encoder_MspInit)
    HAL_TIM_Encoder_Start                    0x0800196b   Thumb Code   142  stm32f4xx_hal_tim.o(i.HAL_TIM_Encoder_Start)
    HAL_TIM_IC_CaptureCallback               0x080019f9   Thumb Code    28  encoder.o(i.HAL_TIM_IC_CaptureCallback)
    HAL_TIM_IC_ConfigChannel                 0x08001a1d   Thumb Code   270  stm32f4xx_hal_tim.o(i.HAL_TIM_IC_ConfigChannel)
    HAL_TIM_IC_Init                          0x08001b2b   Thumb Code    90  stm32f4xx_hal_tim.o(i.HAL_TIM_IC_Init)
    HAL_TIM_IC_MspInit                       0x08001b85   Thumb Code     2  stm32f4xx_hal_tim.o(i.HAL_TIM_IC_MspInit)
    HAL_TIM_IC_Start                         0x08001b89   Thumb Code   198  stm32f4xx_hal_tim.o(i.HAL_TIM_IC_Start)
    HAL_TIM_IC_Start_IT                      0x08001c6d   Thumb Code   236  stm32f4xx_hal_tim.o(i.HAL_TIM_IC_Start_IT)
    HAL_TIM_IRQHandler                       0x08001d75   Thumb Code   358  stm32f4xx_hal_tim.o(i.HAL_TIM_IRQHandler)
    HAL_TIM_OC_DelayElapsedCallback          0x08001edb   Thumb Code     2  stm32f4xx_hal_tim.o(i.HAL_TIM_OC_DelayElapsedCallback)
    HAL_TIM_PWM_ConfigChannel                0x08001edd   Thumb Code   198  stm32f4xx_hal_tim.o(i.HAL_TIM_PWM_ConfigChannel)
    HAL_TIM_PWM_Init                         0x08001fa3   Thumb Code    90  stm32f4xx_hal_tim.o(i.HAL_TIM_PWM_Init)
    HAL_TIM_PWM_MspInit                      0x08001ffd   Thumb Code   184  motor.o(i.HAL_TIM_PWM_MspInit)
    HAL_TIM_PWM_PulseFinishedCallback        0x080020c1   Thumb Code     2  stm32f4xx_hal_tim.o(i.HAL_TIM_PWM_PulseFinishedCallback)
    HAL_TIM_PWM_Start                        0x080020c5   Thumb Code   172  stm32f4xx_hal_tim.o(i.HAL_TIM_PWM_Start)
    HAL_TIM_PeriodElapsedCallback            0x0800218d   Thumb Code     2  stm32f4xx_hal_tim.o(i.HAL_TIM_PeriodElapsedCallback)
    HAL_TIM_TriggerCallback                  0x0800218f   Thumb Code     2  stm32f4xx_hal_tim.o(i.HAL_TIM_TriggerCallback)
    HAL_UARTEx_RxEventCallback               0x08002191   Thumb Code     2  stm32f4xx_hal_uart.o(i.HAL_UARTEx_RxEventCallback)
    HAL_UART_ErrorCallback                   0x08002193   Thumb Code     2  stm32f4xx_hal_uart.o(i.HAL_UART_ErrorCallback)
    HAL_UART_IRQHandler                      0x08002195   Thumb Code   522  stm32f4xx_hal_uart.o(i.HAL_UART_IRQHandler)
    HAL_UART_Init                            0x080023a5   Thumb Code    98  stm32f4xx_hal_uart.o(i.HAL_UART_Init)
    HAL_UART_MspInit                         0x08002409   Thumb Code   386  usart.o(i.HAL_UART_MspInit)
    HAL_UART_Receive_IT                      0x080025a9   Thumb Code    42  stm32f4xx_hal_uart.o(i.HAL_UART_Receive_IT)
    HAL_UART_RxCpltCallback                  0x080025d5   Thumb Code   496  usart.o(i.HAL_UART_RxCpltCallback)
    HAL_UART_TxCpltCallback                  0x0800280d   Thumb Code     2  stm32f4xx_hal_uart.o(i.HAL_UART_TxCpltCallback)
    H_L_GPIO_Init                            0x08002811   Thumb Code   150  motor.o(i.H_L_GPIO_Init)
    HardFault_Handler                        0x080028bd   Thumb Code     2  stm32f4xx_it.o(i.HardFault_Handler)
    MX_IWDG_Init                             0x080028c1   Thumb Code    20  iwdg.o(i.MX_IWDG_Init)
    MemManage_Handler                        0x080028dd   Thumb Code     2  stm32f4xx_it.o(i.MemManage_Handler)
    Motor_Init                               0x080028e1   Thumb Code   222  motor.o(i.Motor_Init)
    NMI_Handler                              0x080029cd   Thumb Code     2  stm32f4xx_it.o(i.NMI_Handler)
    RED_GPIO_Init                            0x080029d1   Thumb Code   156  red.o(i.RED_GPIO_Init)
    Set_L                                    0x08002b55   Thumb Code    72  motor.o(i.Set_L)
    Set_R                                    0x08002ba5   Thumb Code    76  motor.o(i.Set_R)
    SysTick_Handler                          0x08002bf9   Thumb Code    24  delay.o(i.SysTick_Handler)
    SystemInit                               0x08002c11   Thumb Code    12  system_stm32f4xx.o(i.SystemInit)
    TIM1_BRK_TIM9_IRQHandler                 0x08002c21   Thumb Code     6  encoder.o(i.TIM1_BRK_TIM9_IRQHandler)
    TIM_Base_SetConfig                       0x08002c2d   Thumb Code   156  stm32f4xx_hal_tim.o(i.TIM_Base_SetConfig)
    TIM_CCxChannelCmd                        0x08002cf5   Thumb Code    26  stm32f4xx_hal_tim.o(i.TIM_CCxChannelCmd)
    TIM_OC2_SetConfig                        0x08002f01   Thumb Code    98  stm32f4xx_hal_tim.o(i.TIM_OC2_SetConfig)
    TIM_TI1_SetConfig                        0x08003025   Thumb Code   100  stm32f4xx_hal_tim.o(i.TIM_TI1_SetConfig)
    UART4_IRQHandler                         0x080030dd   Thumb Code     6  usart3.o(i.UART4_IRQHandler)
    UART_Start_Receive_IT                    0x080032e5   Thumb Code    54  stm32f4xx_hal_uart.o(i.UART_Start_Receive_IT)
    USART1_IRQHandler                        0x0800331d   Thumb Code     6  usart.o(i.USART1_IRQHandler)
    USART3_IRQHandler                        0x08003329   Thumb Code     6  usart2.o(i.USART3_IRQHandler)
    UsageFault_Handler                       0x08003335   Thumb Code     2  stm32f4xx_it.o(i.UsageFault_Handler)
    XmRamInit                                0x08003337   Thumb Code    48  xmram.o(i.XmRamInit)
    __0fprintf$5                             0x08003369   Thumb Code    22  printf5.o(i.__0fprintf$5)
    __1fprintf$5                             0x08003369   Thumb Code     0  printf5.o(i.__0fprintf$5)
    __2fprintf                               0x08003369   Thumb Code     0  printf5.o(i.__0fprintf$5)
    __0printf$5                              0x08003385   Thumb Code    22  printf5.o(i.__0printf$5)
    __1printf$5                              0x08003385   Thumb Code     0  printf5.o(i.__0printf$5)
    __2printf                                0x08003385   Thumb Code     0  printf5.o(i.__0printf$5)
    __scatterload_copy                       0x080033c5   Thumb Code    14  handlers.o(i.__scatterload_copy)
    __scatterload_null                       0x080033d3   Thumb Code     2  handlers.o(i.__scatterload_null)
    __scatterload_zeroinit                   0x080033d5   Thumb Code    14  handlers.o(i.__scatterload_zeroinit)
    bianyuan_task                            0x0800371d   Thumb Code   102  freertos_demo.o(i.bianyuan_task)
    buma_zhuanhuan                           0x08003791   Thumb Code    52  usart.o(i.buma_zhuanhuan)
    delay_init                               0x0800381d   Thumb Code    44  delay.o(i.delay_init)
    delay_ms                                 0x0800384d   Thumb Code    26  delay.o(i.delay_ms)
    delay_us                                 0x08003869   Thumb Code    48  delay.o(i.delay_us)
    fputc                                    0x0800389d   Thumb Code    36  usart.o(i.fputc)
    freertos_demo                            0x080038cd   Thumb Code    46  freertos_demo.o(i.freertos_demo)
    iwdg_task                                0x08003911   Thumb Code    14  freertos_demo.o(i.iwdg_task)
    main                                     0x08003925   Thumb Code   162  main.o(i.main)
    my_mem_init                              0x080039f5   Thumb Code    52  malloc.o(i.my_mem_init)
    my_mem_perused                           0x08003a31   Thumb Code    50  malloc.o(i.my_mem_perused)
    mymemset                                 0x08003a6d   Thumb Code    14  malloc.o(i.mymemset)
    pvPortMalloc                             0x08004355   Thumb Code   232  heap_4.o(i.pvPortMalloc)
    pxPortInitialiseStack                    0x08004489   Thumb Code    40  port.o(i.pxPortInitialiseStack)
    shibie_task                              0x080044b5   Thumb Code   114  freertos_demo.o(i.shibie_task)
    sram_init                                0x08004531   Thumb Code   330  sram.o(i.sram_init)
    start_task                               0x080049fd   Thumb Code   222  freertos_demo.o(i.start_task)
    state_task                               0x08004b51   Thumb Code    28  freertos_demo.o(i.state_task)
    sys_stm32_clock_init                     0x08004b71   Thumb Code   136  sys.o(i.sys_stm32_clock_init)
    taishang_task                            0x08004c05   Thumb Code    76  freertos_demo.o(i.taishang_task)
    ulTaskGenericNotifyTake                  0x08004c5d   Thumb Code   136  tasks.o(i.ulTaskGenericNotifyTake)
    usart2_init                              0x08004d21   Thumb Code    44  usart2.o(i.usart2_init)
    usart3_init                              0x08004d59   Thumb Code    44  usart3.o(i.usart3_init)
    usart_init                               0x08004d91   Thumb Code    44  usart.o(i.usart_init)
    uxListRemove                             0x08004dc9   Thumb Code    38  list.o(i.uxListRemove)
    uxTaskResetEventItemValue                0x08004df1   Thumb Code    20  tasks.o(i.uxTaskResetEventItemValue)
    vListInitialise                          0x08004e09   Thumb Code    22  list.o(i.vListInitialise)
    vListInitialiseItem                      0x08004e1f   Thumb Code     6  list.o(i.vListInitialiseItem)
    vListInsert                              0x08004e25   Thumb Code    48  list.o(i.vListInsert)
    vListInsertEnd                           0x08004e55   Thumb Code    24  list.o(i.vListInsertEnd)
    vPortEnterCritical                       0x08004e6d   Thumb Code    50  port.o(i.vPortEnterCritical)
    vPortExitCritical                        0x08004ef5   Thumb Code    34  port.o(i.vPortExitCritical)
    vPortFree                                0x08004f69   Thumb Code   100  heap_4.o(i.vPortFree)
    vPortSetupTimerInterrupt                 0x08005019   Thumb Code    32  port.o(i.vPortSetupTimerInterrupt)
    vQueueAddToRegistry                      0x0800503d   Thumb Code    74  queue.o(i.vQueueAddToRegistry)
    vQueueWaitForMessageRestricted           0x080050c1   Thumb Code    68  queue.o(i.vQueueWaitForMessageRestricted)
    vTaskDelay                               0x08005105   Thumb Code    62  tasks.o(i.vTaskDelay)
    vTaskDelete                              0x08005181   Thumb Code   158  tasks.o(i.vTaskDelete)
    vTaskInternalSetTimeOutState             0x08005265   Thumb Code    12  tasks.o(i.vTaskInternalSetTimeOutState)
    vTaskMissedYield                         0x08005275   Thumb Code     8  tasks.o(i.vTaskMissedYield)
    vTaskPlaceOnEventList                    0x08005281   Thumb Code    44  tasks.o(i.vTaskPlaceOnEventList)
    vTaskPlaceOnEventListRestricted          0x080052e5   Thumb Code    78  tasks.o(i.vTaskPlaceOnEventListRestricted)
    vTaskPlaceOnUnorderedEventList           0x0800536d   Thumb Code    98  tasks.o(i.vTaskPlaceOnUnorderedEventList)
    vTaskRemoveFromUnorderedEventList        0x08005409   Thumb Code   188  tasks.o(i.vTaskRemoveFromUnorderedEventList)
    vTaskStartScheduler                      0x08005501   Thumb Code    92  tasks.o(i.vTaskStartScheduler)
    vTaskSuspendAll                          0x080055a1   Thumb Code    10  tasks.o(i.vTaskSuspendAll)
    vTaskSwitchContext                       0x080055b1   Thumb Code    80  tasks.o(i.vTaskSwitchContext)
    xEventGroupClearBits                     0x0800563d   Thumb Code    56  event_groups.o(i.xEventGroupClearBits)
    xEventGroupCreate                        0x080056b1   Thumb Code    26  event_groups.o(i.xEventGroupCreate)
    xEventGroupSetBits                       0x080056cd   Thumb Code   132  event_groups.o(i.xEventGroupSetBits)
    xEventGroupWaitBits                      0x0800578d   Thumb Code   242  event_groups.o(i.xEventGroupWaitBits)
    xPortStartScheduler                      0x080058c1   Thumb Code   228  port.o(i.xPortStartScheduler)
    xPortSysTickHandler                      0x08005a05   Thumb Code    38  port.o(i.xPortSysTickHandler)
    xQueueGenericCreate                      0x08005a31   Thumb Code    98  queue.o(i.xQueueGenericCreate)
    xQueueGenericReset                       0x08005ac9   Thumb Code   170  queue.o(i.xQueueGenericReset)
    xQueueReceive                            0x08005bad   Thumb Code   296  queue.o(i.xQueueReceive)
    xTaskCheckForTimeOut                     0x08005d0d   Thumb Code   128  tasks.o(i.xTaskCheckForTimeOut)
    xTaskCreate                              0x08005dc5   Thumb Code    86  tasks.o(i.xTaskCreate)
    xTaskGenericNotify                       0x08005e1d   Thumb Code   304  tasks.o(i.xTaskGenericNotify)
    xTaskGetSchedulerState                   0x08005f8d   Thumb Code    22  tasks.o(i.xTaskGetSchedulerState)
    xTaskGetTickCount                        0x08005fa9   Thumb Code     6  tasks.o(i.xTaskGetTickCount)
    xTaskIncrementTick                       0x08005fb5   Thumb Code   300  tasks.o(i.xTaskIncrementTick)
    xTaskPriorityDisinherit                  0x0800611d   Thumb Code   166  tasks.o(i.xTaskPriorityDisinherit)
    xTaskRemoveFromEventList                 0x08006201   Thumb Code   204  tasks.o(i.xTaskRemoveFromEventList)
    xTaskResumeAll                           0x0800630d   Thumb Code   282  tasks.o(i.xTaskResumeAll)
    xTimerCreateTimerTask                    0x0800646d   Thumb Code    58  timers.o(i.xTimerCreateTimerTask)
    xunhang_task                             0x080064fd   Thumb Code    60  freertos_demo.o(i.xunhang_task)
    AHBPrescTable                            0x0800653c   Data          16  system_stm32f4xx.o(.constdata)
    APBPrescTable                            0x0800654c   Data           8  system_stm32f4xx.o(.constdata)
    memtblsize                               0x08006554   Data          12  malloc.o(.constdata)
    memblksize                               0x08006560   Data          12  malloc.o(.constdata)
    memsize                                  0x0800656c   Data          12  malloc.o(.constdata)
    __ctype_categories                       0x08006578   Data          64  ctype_c.o(.constdata)
    Region$$Table$$Base                      0x080065b8   Number         0  anon$$obj.o(Region$$Table)
    Region$$Table$$Limit                     0x080065d8   Number         0  anon$$obj.o(Region$$Table)
    mem2base                                 0x10000000   Data       61440  malloc.o(.ARM.__AT_0x10000000)
    mem2mapbase                              0x1000f000   Data        3840  malloc.o(.ARM.__AT_0x1000F000)
    SystemCoreClock                          0x20000000   Data           4  system_stm32f4xx.o(.data)
    StartTask_Handler                        0x20000004   Data           4  freertos_demo.o(.data)
    STATETask_Handler                        0x20000008   Data           4  freertos_demo.o(.data)
    TAISHANGTask_Handler                     0x2000000c   Data           4  freertos_demo.o(.data)
    XUNHANGTask_Handler                      0x20000010   Data           4  freertos_demo.o(.data)
    BIANYUANTask_Handler                     0x20000014   Data           4  freertos_demo.o(.data)
    SHIBIETask_Handler                       0x20000018   Data           4  freertos_demo.o(.data)
    IWDGTask_Handler                         0x2000001c   Data           4  freertos_demo.o(.data)
    eventGroup                               0x20000020   Data           4  freertos_demo.o(.data)
    USARTReceIn                              0x20000028   Data           1  usart.o(.data)
    USARTReceFullFlag                        0x20000029   Data           1  usart.o(.data)
    USARTReceIn3                             0x2000002a   Data           1  usart.o(.data)
    USARTReceFullFlag3                       0x2000002b   Data           1  usart.o(.data)
    num                                      0x2000002c   Data           1  usart.o(.data)
    g_rx_buffer                              0x2000002d   Data           1  usart.o(.data)
    g_usart_rx_sta                           0x2000002e   Data           2  usart.o(.data)
    rol                                      0x20000030   Data           4  usart.o(.data)
    pit                                      0x20000034   Data           4  usart.o(.data)
    yaw                                      0x20000038   Data           4  usart.o(.data)
    __stdout                                 0x2000003c   Data           4  usart.o(.data)
    open_id                                  0x20000040   Data           4  usart.o(.data)
    open_x                                   0x20000044   Data           4  usart.o(.data)
    open_y                                   0x20000048   Data           4  usart.o(.data)
    g_usart2_rx_sta                          0x2000004c   Data           2  usart2.o(.data)
    g_rx_buffer2                             0x2000004e   Data           1  usart2.o(.data)
    g_rx_buffer3                             0x2000004f   Data           1  usart3.o(.data)
    uwTickFreq                               0x20000050   Data           1  stm32f4xx_hal.o(.data)
    uwTickPrio                               0x20000054   Data           4  stm32f4xx_hal.o(.data)
    uwTick                                   0x20000058   Data           4  stm32f4xx_hal.o(.data)
    count                                    0x2000005c   Data           4  encoder.o(.data)
    mallco_dev                               0x20000060   Data          36  malloc.o(.data)
    pxCurrentTCB                             0x20000084   Data           4  tasks.o(.data)
    uxTopUsedPriority                        0x200000b4   Data           4  tasks.o(.data)
    key                                      0x20000104   Data          10  xmram.o(.data)
    __stderr                                 0x20000110   Data           4  stderr.o(.data)
    USARTReceBuff                            0x20000114   Data          22  usart.o(.bss)
    USARTReceBuff3                           0x2000012a   Data          11  usart.o(.bss)
    g_usart_rx_buf                           0x20000135   Data         128  usart.o(.bss)
    g_uart1_handle                           0x200001b8   Data          68  usart.o(.bss)
    hdma_usart1_rx                           0x200001fc   Data          96  usart.o(.bss)
    hdma_usart1_tx                           0x2000025c   Data          96  usart.o(.bss)
    g_usart2_rx_buf                          0x200002bc   Data         128  usart2.o(.bss)
    g_uart2_handle                           0x2000033c   Data          68  usart2.o(.bss)
    g_uart3_handle                           0x20000380   Data          68  usart3.o(.bss)
    g_sram_handler                           0x200003c4   Data          80  sram.o(.bss)
    TIM_EncoderHandle                        0x20000414   Data          72  encoder.o(.bss)
    TIM_EncoderHandle2                       0x2000045c   Data          72  encoder.o(.bss)
    B_TIM_EncoderHandle                      0x200004a4   Data          72  encoder.o(.bss)
    B_TIM_EncoderHandle2                     0x200004ec   Data          72  encoder.o(.bss)
    TIM_Handler                              0x20000534   Data          72  motor.o(.bss)
    TIM_PWM_OC                               0x2000057c   Data          28  motor.o(.bss)
    B_TIM_Handler                            0x20000598   Data          72  motor.o(.bss)
    B_TIM_PWM_OC                             0x200005e0   Data          28  motor.o(.bss)
    hiwdg                                    0x200005fc   Data          12  iwdg.o(.bss)
    mem1base                                 0x20000620   Data       92160  malloc.o(.bss)
    mem1mapbase                              0x20016e20   Data        5760  malloc.o(.bss)
    xQueueRegistry                           0x200184a0   Data          64  queue.o(.bss)
    __initial_sp                             0x2001b3f0   Data           0  startup_stm32f407xx.o(STACK)
    mem3base                                 0x68000000   Data       986112  malloc.o(.ARM.__AT_0x68000000)
    mem3mapbase                              0x680f0c00   Data       61632  malloc.o(.ARM.__AT_0x680F0C00)



==============================================================================

Memory Map of the image

  Image Entry point : 0x08000189

  Load Region LR_IROM1 (Base: 0x08000000, Size: 0x000066ec, Max: 0x00080000, ABSOLUTE)

    Execution Region ER_IROM1 (Exec base: 0x08000000, Load base: 0x08000000, Size: 0x000065d8, Max: 0x00080000, ABSOLUTE)

    Exec Addr    Load Addr    Size         Type   Attr      Idx    E Section Name        Object

    0x08000000   0x08000000   0x00000188   Data   RO            3    RESET               startup_stm32f407xx.o
    0x08000188   0x08000188   0x00000000   Code   RO        10024  * .ARM.Collect$$$$00000000  mc_w.l(entry.o)
    0x08000188   0x08000188   0x00000004   Code   RO        10317    .ARM.Collect$$$$00000001  mc_w.l(entry2.o)
    0x0800018c   0x0800018c   0x00000004   Code   RO        10320    .ARM.Collect$$$$00000004  mc_w.l(entry5.o)
    0x08000190   0x08000190   0x00000000   Code   RO        10322    .ARM.Collect$$$$00000008  mc_w.l(entry7b.o)
    0x08000190   0x08000190   0x00000000   Code   RO        10324    .ARM.Collect$$$$0000000A  mc_w.l(entry8b.o)
    0x08000190   0x08000190   0x00000008   Code   RO        10325    .ARM.Collect$$$$0000000B  mc_w.l(entry9a.o)
    0x08000198   0x08000198   0x00000000   Code   RO        10327    .ARM.Collect$$$$0000000D  mc_w.l(entry10a.o)
    0x08000198   0x08000198   0x00000000   Code   RO        10329    .ARM.Collect$$$$0000000F  mc_w.l(entry11a.o)
    0x08000198   0x08000198   0x00000004   Code   RO        10318    .ARM.Collect$$$$00002712  mc_w.l(entry2.o)
    0x0800019c   0x0800019c   0x000000be   Code   RO         9851    .emb_text           port.o
    0x0800025a   0x0800025a   0x00000002   PAD
    0x0800025c   0x0800025c   0x00000034   Code   RO            4    .text               startup_stm32f407xx.o
    0x08000290   0x08000290   0x00000062   Code   RO        10028    .text               mc_w.l(uldiv.o)
    0x080002f2   0x080002f2   0x00000024   Code   RO        10030    .text               mc_w.l(memcpya.o)
    0x08000316   0x08000316   0x00000024   Code   RO        10034    .text               mc_w.l(memseta.o)
    0x0800033a   0x0800033a   0x00000002   PAD
    0x0800033c   0x0800033c   0x00000038   Code   RO        10303    .text               mc_w.l(__0sscanf.o)
    0x08000374   0x08000374   0x0000014c   Code   RO        10305    .text               mc_w.l(_scanf_int.o)
    0x080004c0   0x080004c0   0x000000e4   Code   RO        10307    .text               mf_w.l(dmul.o)
    0x080005a4   0x080005a4   0x00000022   Code   RO        10309    .text               mf_w.l(dflti.o)
    0x080005c6   0x080005c6   0x00000038   Code   RO        10315    .text               mf_w.l(d2f.o)
    0x080005fe   0x080005fe   0x0000001e   Code   RO        10333    .text               mc_w.l(llshl.o)
    0x0800061c   0x0800061c   0x00000020   Code   RO        10335    .text               mc_w.l(llushr.o)
    0x0800063c   0x0800063c   0x0000001c   Code   RO        10337    .text               mc_w.l(_chval.o)
    0x08000658   0x08000658   0x00000028   Code   RO        10339    .text               mc_w.l(scanf_char.o)
    0x08000680   0x08000680   0x00000040   Code   RO        10341    .text               mc_w.l(_sgetc.o)
    0x080006c0   0x080006c0   0x00000000   Code   RO        10343    .text               mc_w.l(iusefp.o)
    0x080006c0   0x080006c0   0x0000006e   Code   RO        10344    .text               mf_w.l(fepilogue.o)
    0x0800072e   0x0800072e   0x000000ba   Code   RO        10346    .text               mf_w.l(depilogue.o)
    0x080007e8   0x080007e8   0x00000024   Code   RO        10356    .text               mc_w.l(init.o)
    0x0800080c   0x0800080c   0x0000000a   Code   RO        10360    .text               mc_w.l(isspace_c.o)
    0x08000816   0x08000816   0x00000002   PAD
    0x08000818   0x08000818   0x0000032c   Code   RO        10362    .text               mc_w.l(_scanf.o)
    0x08000b44   0x08000b44   0x00000028   Code   RO        10364    .text               mc_w.l(ctype_c.o)
    0x08000b6c   0x08000b6c   0x00000054   Code   RO         8394    i.B_Set_L           motor.o
    0x08000bc0   0x08000bc0   0x00000050   Code   RO         8395    i.B_Set_R           motor.o
    0x08000c10   0x08000c10   0x00000002   Code   RO          288    i.BusFault_Handler  stm32f4xx_it.o
    0x08000c12   0x08000c12   0x00000002   Code   RO          289    i.DebugMon_Handler  stm32f4xx_it.o
    0x08000c14   0x08000c14   0x00000148   Code   RO         8337    i.Encoder_GPIO_Init  encoder.o
    0x08000d5c   0x08000d5c   0x0000000e   Code   RO         8338    i.Encoder_Init      encoder.o
    0x08000d6a   0x08000d6a   0x00000002   PAD
    0x08000d6c   0x08000d6c   0x00000040   Code   RO         3452    i.FSMC_NORSRAM_Extended_Timing_Init  stm32f4xx_ll_fsmc.o
    0x08000dac   0x08000dac   0x00000054   Code   RO         3453    i.FSMC_NORSRAM_Init  stm32f4xx_ll_fsmc.o
    0x08000e00   0x08000e00   0x00000044   Code   RO         3454    i.FSMC_NORSRAM_Timing_Init  stm32f4xx_ll_fsmc.o
    0x08000e44   0x08000e44   0x0000008e   Code   RO         3573    i.HAL_DMA_Abort     stm32f4xx_hal_dma.o
    0x08000ed2   0x08000ed2   0x00000024   Code   RO         3574    i.HAL_DMA_Abort_IT  stm32f4xx_hal_dma.o
    0x08000ef6   0x08000ef6   0x00000002   PAD
    0x08000ef8   0x08000ef8   0x000001ec   Code   RO         1304    i.HAL_GPIO_Init     stm32f4xx_hal_gpio.o
    0x080010e4   0x080010e4   0x0000000a   Code   RO         1306    i.HAL_GPIO_ReadPin  stm32f4xx_hal_gpio.o
    0x080010ee   0x080010ee   0x0000000a   Code   RO         1308    i.HAL_GPIO_WritePin  stm32f4xx_hal_gpio.o
    0x080010f8   0x080010f8   0x0000000c   Code   RO          992    i.HAL_GetREVID      stm32f4xx_hal.o
    0x08001104   0x08001104   0x0000000c   Code   RO          993    i.HAL_GetTick       stm32f4xx_hal.o
    0x08001110   0x08001110   0x0000005a   Code   RO         6149    i.HAL_IWDG_Init     stm32f4xx_hal_iwdg.o
    0x0800116a   0x0800116a   0x0000000c   Code   RO         6150    i.HAL_IWDG_Refresh  stm32f4xx_hal_iwdg.o
    0x08001176   0x08001176   0x00000002   PAD
    0x08001178   0x08001178   0x00000010   Code   RO          999    i.HAL_IncTick       stm32f4xx_hal.o
    0x08001188   0x08001188   0x0000002c   Code   RO         1000    i.HAL_Init          stm32f4xx_hal.o
    0x080011b4   0x080011b4   0x00000040   Code   RO         1001    i.HAL_InitTick      stm32f4xx_hal.o
    0x080011f4   0x080011f4   0x00000002   Code   RO         6252    i.HAL_MspInit       stm32f4xx_hal_msp_template.o
    0x080011f6   0x080011f6   0x0000001a   Code   RO         1171    i.HAL_NVIC_EnableIRQ  stm32f4xx_hal_cortex.o
    0x08001210   0x08001210   0x00000040   Code   RO         1177    i.HAL_NVIC_SetPriority  stm32f4xx_hal_cortex.o
    0x08001250   0x08001250   0x00000024   Code   RO         1178    i.HAL_NVIC_SetPriorityGrouping  stm32f4xx_hal_cortex.o
    0x08001274   0x08001274   0x00000134   Code   RO         1368    i.HAL_RCC_ClockConfig  stm32f4xx_hal_rcc.o
    0x080013a8   0x080013a8   0x00000020   Code   RO         1375    i.HAL_RCC_GetPCLK1Freq  stm32f4xx_hal_rcc.o
    0x080013c8   0x080013c8   0x00000020   Code   RO         1376    i.HAL_RCC_GetPCLK2Freq  stm32f4xx_hal_rcc.o
    0x080013e8   0x080013e8   0x00000060   Code   RO         1377    i.HAL_RCC_GetSysClockFreq  stm32f4xx_hal_rcc.o
    0x08001448   0x08001448   0x0000036c   Code   RO         1380    i.HAL_RCC_OscConfig  stm32f4xx_hal_rcc.o
    0x080017b4   0x080017b4   0x00000056   Code   RO         3328    i.HAL_SRAM_Init     stm32f4xx_hal_sram.o
    0x0800180a   0x0800180a   0x00000002   PAD
    0x0800180c   0x0800180c   0x00000074   Code   RO         7974    i.HAL_SRAM_MspInit  lcd.o
    0x08001880   0x08001880   0x00000018   Code   RO         1180    i.HAL_SYSTICK_CLKSourceConfig  stm32f4xx_hal_cortex.o
    0x08001898   0x08001898   0x00000028   Code   RO         1182    i.HAL_SYSTICK_Config  stm32f4xx_hal_cortex.o
    0x080018c0   0x080018c0   0x00000002   Code   RO         3057    i.HAL_TIMEx_BreakCallback  stm32f4xx_hal_tim_ex.o
    0x080018c2   0x080018c2   0x00000002   Code   RO         3058    i.HAL_TIMEx_CommutCallback  stm32f4xx_hal_tim_ex.o
    0x080018c4   0x080018c4   0x000000a4   Code   RO         2374    i.HAL_TIM_Encoder_Init  stm32f4xx_hal_tim.o
    0x08001968   0x08001968   0x00000002   Code   RO         2376    i.HAL_TIM_Encoder_MspInit  stm32f4xx_hal_tim.o
    0x0800196a   0x0800196a   0x0000008e   Code   RO         2377    i.HAL_TIM_Encoder_Start  stm32f4xx_hal_tim.o
    0x080019f8   0x080019f8   0x00000024   Code   RO         8339    i.HAL_TIM_IC_CaptureCallback  encoder.o
    0x08001a1c   0x08001a1c   0x0000010e   Code   RO         2389    i.HAL_TIM_IC_ConfigChannel  stm32f4xx_hal_tim.o
    0x08001b2a   0x08001b2a   0x0000005a   Code   RO         2392    i.HAL_TIM_IC_Init   stm32f4xx_hal_tim.o
    0x08001b84   0x08001b84   0x00000002   Code   RO         2394    i.HAL_TIM_IC_MspInit  stm32f4xx_hal_tim.o
    0x08001b86   0x08001b86   0x00000002   PAD
    0x08001b88   0x08001b88   0x000000e4   Code   RO         2395    i.HAL_TIM_IC_Start  stm32f4xx_hal_tim.o
    0x08001c6c   0x08001c6c   0x00000108   Code   RO         2397    i.HAL_TIM_IC_Start_IT  stm32f4xx_hal_tim.o
    0x08001d74   0x08001d74   0x00000166   Code   RO         2401    i.HAL_TIM_IRQHandler  stm32f4xx_hal_tim.o
    0x08001eda   0x08001eda   0x00000002   Code   RO         2404    i.HAL_TIM_OC_DelayElapsedCallback  stm32f4xx_hal_tim.o
    0x08001edc   0x08001edc   0x000000c6   Code   RO         2425    i.HAL_TIM_PWM_ConfigChannel  stm32f4xx_hal_tim.o
    0x08001fa2   0x08001fa2   0x0000005a   Code   RO         2428    i.HAL_TIM_PWM_Init  stm32f4xx_hal_tim.o
    0x08001ffc   0x08001ffc   0x000000c4   Code   RO         8396    i.HAL_TIM_PWM_MspInit  motor.o
    0x080020c0   0x080020c0   0x00000002   Code   RO         2431    i.HAL_TIM_PWM_PulseFinishedCallback  stm32f4xx_hal_tim.o
    0x080020c2   0x080020c2   0x00000002   PAD
    0x080020c4   0x080020c4   0x000000c8   Code   RO         2433    i.HAL_TIM_PWM_Start  stm32f4xx_hal_tim.o
    0x0800218c   0x0800218c   0x00000002   Code   RO         2439    i.HAL_TIM_PeriodElapsedCallback  stm32f4xx_hal_tim.o
    0x0800218e   0x0800218e   0x00000002   Code   RO         2444    i.HAL_TIM_TriggerCallback  stm32f4xx_hal_tim.o
    0x08002190   0x08002190   0x00000002   Code   RO         1964    i.HAL_UARTEx_RxEventCallback  stm32f4xx_hal_uart.o
    0x08002192   0x08002192   0x00000002   Code   RO         1978    i.HAL_UART_ErrorCallback  stm32f4xx_hal_uart.o
    0x08002194   0x08002194   0x00000210   Code   RO         1981    i.HAL_UART_IRQHandler  stm32f4xx_hal_uart.o
    0x080023a4   0x080023a4   0x00000062   Code   RO         1982    i.HAL_UART_Init     stm32f4xx_hal_uart.o
    0x08002406   0x08002406   0x00000002   PAD
    0x08002408   0x08002408   0x000001a0   Code   RO          798    i.HAL_UART_MspInit  usart.o
    0x080025a8   0x080025a8   0x0000002a   Code   RO         1987    i.HAL_UART_Receive_IT  stm32f4xx_hal_uart.o
    0x080025d2   0x080025d2   0x00000002   PAD
    0x080025d4   0x080025d4   0x00000238   Code   RO          799    i.HAL_UART_RxCpltCallback  usart.o
    0x0800280c   0x0800280c   0x00000002   Code   RO         1993    i.HAL_UART_TxCpltCallback  stm32f4xx_hal_uart.o
    0x0800280e   0x0800280e   0x00000002   PAD
    0x08002810   0x08002810   0x000000ac   Code   RO         8397    i.H_L_GPIO_Init     motor.o
    0x080028bc   0x080028bc   0x00000002   Code   RO          290    i.HardFault_Handler  stm32f4xx_it.o
    0x080028be   0x080028be   0x00000002   PAD
    0x080028c0   0x080028c0   0x0000001c   Code   RO         8485    i.MX_IWDG_Init      iwdg.o
    0x080028dc   0x080028dc   0x00000002   Code   RO          291    i.MemManage_Handler  stm32f4xx_it.o
    0x080028de   0x080028de   0x00000002   PAD
    0x080028e0   0x080028e0   0x000000ec   Code   RO         8398    i.Motor_Init        motor.o
    0x080029cc   0x080029cc   0x00000002   Code   RO          292    i.NMI_Handler       stm32f4xx_it.o
    0x080029ce   0x080029ce   0x00000002   PAD
    0x080029d0   0x080029d0   0x000000a4   Code   RO         8461    i.RED_GPIO_Init     red.o
    0x08002a74   0x08002a74   0x000000de   Code   RO         9939    i.SRAM_GPIO_Set     XMRAM.lib(xmram.o)
    0x08002b52   0x08002b52   0x00000002   PAD
    0x08002b54   0x08002b54   0x00000050   Code   RO         8399    i.Set_L             motor.o
    0x08002ba4   0x08002ba4   0x00000054   Code   RO         8400    i.Set_R             motor.o
    0x08002bf8   0x08002bf8   0x00000018   Code   RO          674    i.SysTick_Handler   delay.o
    0x08002c10   0x08002c10   0x00000010   Code   RO          495    i.SystemInit        system_stm32f4xx.o
    0x08002c20   0x08002c20   0x0000000c   Code   RO         8340    i.TIM1_BRK_TIM9_IRQHandler  encoder.o
    0x08002c2c   0x08002c2c   0x000000c8   Code   RO         2446    i.TIM_Base_SetConfig  stm32f4xx_hal_tim.o
    0x08002cf4   0x08002cf4   0x0000001a   Code   RO         2447    i.TIM_CCxChannelCmd  stm32f4xx_hal_tim.o
    0x08002d0e   0x08002d0e   0x00000002   PAD
    0x08002d10   0x08002d10   0x00000190   Code   RO         8341    i.TIM_Encoder_Init  encoder.o
    0x08002ea0   0x08002ea0   0x00000060   Code   RO         2459    i.TIM_OC1_SetConfig  stm32f4xx_hal_tim.o
    0x08002f00   0x08002f00   0x0000006c   Code   RO         2460    i.TIM_OC2_SetConfig  stm32f4xx_hal_tim.o
    0x08002f6c   0x08002f6c   0x00000068   Code   RO         2461    i.TIM_OC3_SetConfig  stm32f4xx_hal_tim.o
    0x08002fd4   0x08002fd4   0x00000050   Code   RO         2462    i.TIM_OC4_SetConfig  stm32f4xx_hal_tim.o
    0x08003024   0x08003024   0x00000080   Code   RO         2465    i.TIM_TI1_SetConfig  stm32f4xx_hal_tim.o
    0x080030a4   0x080030a4   0x00000036   Code   RO         2467    i.TIM_TI2_SetConfig  stm32f4xx_hal_tim.o
    0x080030da   0x080030da   0x00000002   PAD
    0x080030dc   0x080030dc   0x0000000c   Code   RO          940    i.UART4_IRQHandler  usart3.o
    0x080030e8   0x080030e8   0x00000010   Code   RO         1995    i.UART_DMAAbortOnError  stm32f4xx_hal_uart.o
    0x080030f8   0x080030f8   0x00000030   Code   RO         2005    i.UART_EndRxTransfer  stm32f4xx_hal_uart.o
    0x08003128   0x08003128   0x000000ae   Code   RO         2007    i.UART_Receive_IT   stm32f4xx_hal_uart.o
    0x080031d6   0x080031d6   0x00000002   PAD
    0x080031d8   0x080031d8   0x0000010c   Code   RO         2008    i.UART_SetConfig    stm32f4xx_hal_uart.o
    0x080032e4   0x080032e4   0x00000036   Code   RO         2010    i.UART_Start_Receive_IT  stm32f4xx_hal_uart.o
    0x0800331a   0x0800331a   0x00000002   PAD
    0x0800331c   0x0800331c   0x0000000c   Code   RO          800    i.USART1_IRQHandler  usart.o
    0x08003328   0x08003328   0x0000000c   Code   RO          900    i.USART3_IRQHandler  usart2.o
    0x08003334   0x08003334   0x00000002   Code   RO          293    i.UsageFault_Handler  stm32f4xx_it.o
    0x08003336   0x08003336   0x00000030   Code   RO         9940    i.XmRamInit         XMRAM.lib(xmram.o)
    0x08003366   0x08003366   0x00000002   PAD
    0x08003368   0x08003368   0x0000001c   Code   RO        10174    i.__0fprintf$5      mc_w.l(printf5.o)
    0x08003384   0x08003384   0x00000020   Code   RO        10175    i.__0printf$5       mc_w.l(printf5.o)
    0x080033a4   0x080033a4   0x00000020   Code   RO         1184    i.__NVIC_SetPriority  stm32f4xx_hal_cortex.o
    0x080033c4   0x080033c4   0x0000000e   Code   RO        10369    i.__scatterload_copy  mc_w.l(handlers.o)
    0x080033d2   0x080033d2   0x00000002   Code   RO        10370    i.__scatterload_null  mc_w.l(handlers.o)
    0x080033d4   0x080033d4   0x0000000e   Code   RO        10371    i.__scatterload_zeroinit  mc_w.l(handlers.o)
    0x080033e2   0x080033e2   0x00000002   PAD
    0x080033e4   0x080033e4   0x000002c0   Code   RO        10182    i._printf_core      mc_w.l(printf5.o)
    0x080036a4   0x080036a4   0x00000078   Code   RO         9941    i.addr_out          XMRAM.lib(xmram.o)
    0x0800371c   0x0800371c   0x00000074   Code   RO          532    i.bianyuan_task     freertos_demo.o
    0x08003790   0x08003790   0x00000034   Code   RO          804    i.buma_zhuanhuan    usart.o
    0x080037c4   0x080037c4   0x00000058   Code   RO         9942    i.dataout           XMRAM.lib(xmram.o)
    0x0800381c   0x0800381c   0x00000030   Code   RO          675    i.delay_init        delay.o
    0x0800384c   0x0800384c   0x0000001a   Code   RO          676    i.delay_ms          delay.o
    0x08003866   0x08003866   0x00000002   PAD
    0x08003868   0x08003868   0x00000034   Code   RO          677    i.delay_us          delay.o
    0x0800389c   0x0800389c   0x00000030   Code   RO          805    i.fputc             usart.o
    0x080038cc   0x080038cc   0x00000044   Code   RO          533    i.freertos_demo     freertos_demo.o
    0x08003910   0x08003910   0x00000014   Code   RO          534    i.iwdg_task         freertos_demo.o
    0x08003924   0x08003924   0x000000d0   Code   RO           13    i.main              main.o
    0x080039f4   0x080039f4   0x0000003c   Code   RO         8516    i.my_mem_init       malloc.o
    0x08003a30   0x08003a30   0x0000003c   Code   RO         8518    i.my_mem_perused    malloc.o
    0x08003a6c   0x08003a6c   0x0000000e   Code   RO         8522    i.mymemset          malloc.o
    0x08003a7a   0x08003a7a   0x00000002   PAD
    0x08003a7c   0x08003a7c   0x00000090   Code   RO         9213    i.prvAddCurrentTaskToDelayedList  tasks.o
    0x08003b0c   0x08003b0c   0x000000f0   Code   RO         9214    i.prvAddNewTaskToReadyList  tasks.o
    0x08003bfc   0x08003bfc   0x00000050   Code   RO         9622    i.prvCheckForValidListAndQueue  timers.o
    0x08003c4c   0x08003c4c   0x00000026   Code   RO         8790    i.prvCopyDataFromQueue  queue.o
    0x08003c72   0x08003c72   0x0000006c   Code   RO         8791    i.prvCopyDataToQueue  queue.o
    0x08003cde   0x08003cde   0x00000014   Code   RO         9215    i.prvDeleteTCB      tasks.o
    0x08003cf2   0x08003cf2   0x00000002   PAD
    0x08003cf4   0x08003cf4   0x0000004c   Code   RO         9784    i.prvHeapInit       heap_4.o
    0x08003d40   0x08003d40   0x00000060   Code   RO         9216    i.prvIdleTask       tasks.o
    0x08003da0   0x08003da0   0x000000e8   Code   RO         9217    i.prvInitialiseNewTask  tasks.o
    0x08003e88   0x08003e88   0x0000004c   Code   RO         9785    i.prvInsertBlockIntoFreeList  heap_4.o
    0x08003ed4   0x08003ed4   0x00000038   Code   RO         9623    i.prvInsertTimerInActiveList  timers.o
    0x08003f0c   0x08003f0c   0x0000001c   Code   RO         8792    i.prvIsQueueEmpty   queue.o
    0x08003f28   0x08003f28   0x000000a8   Code   RO         8793    i.prvNotifyQueueSetContainer  queue.o
    0x08003fd0   0x08003fd0   0x00000040   Code   RO         9624    i.prvProcessExpiredTimer  timers.o
    0x08004010   0x08004010   0x00000128   Code   RO         9625    i.prvProcessReceivedCommands  timers.o
    0x08004138   0x08004138   0x0000006c   Code   RO         9626    i.prvProcessTimerOrBlockTask  timers.o
    0x080041a4   0x080041a4   0x00000028   Code   RO         9627    i.prvReloadTimer    timers.o
    0x080041cc   0x080041cc   0x0000001c   Code   RO         9219    i.prvResetNextTaskUnblockTime  tasks.o
    0x080041e8   0x080041e8   0x00000048   Code   RO         9628    i.prvSampleTimeNow  timers.o
    0x08004230   0x08004230   0x00000074   Code   RO         9852    i.prvTaskExitError  port.o
    0x080042a4   0x080042a4   0x00000014   Code   RO         8619    i.prvTestWaitCondition  event_groups.o
    0x080042b8   0x080042b8   0x00000024   Code   RO         9629    i.prvTimerTask      timers.o
    0x080042dc   0x080042dc   0x00000076   Code   RO         8794    i.prvUnlockQueue    queue.o
    0x08004352   0x08004352   0x00000002   PAD
    0x08004354   0x08004354   0x00000134   Code   RO         9786    i.pvPortMalloc      heap_4.o
    0x08004488   0x08004488   0x0000002c   Code   RO         9853    i.pxPortInitialiseStack  port.o
    0x080044b4   0x080044b4   0x0000007c   Code   RO          535    i.shibie_task       freertos_demo.o
    0x08004530   0x08004530   0x00000168   Code   RO         8257    i.sram_init         sram.o
    0x08004698   0x08004698   0x000000a0   Code   RO         9943    i.sram_init         XMRAM.lib(xmram.o)
    0x08004738   0x08004738   0x000001e0   Code   RO         9944    i.sram_reg_read     XMRAM.lib(xmram.o)
    0x08004918   0x08004918   0x000000e4   Code   RO         9945    i.sram_reg_write    XMRAM.lib(xmram.o)
    0x080049fc   0x080049fc   0x00000154   Code   RO          536    i.start_task        freertos_demo.o
    0x08004b50   0x08004b50   0x00000020   Code   RO          537    i.state_task        freertos_demo.o
    0x08004b70   0x08004b70   0x00000094   Code   RO          730    i.sys_stm32_clock_init  sys.o
    0x08004c04   0x08004c04   0x00000058   Code   RO          538    i.taishang_task     freertos_demo.o
    0x08004c5c   0x08004c5c   0x000000c4   Code   RO         9224    i.ulTaskGenericNotifyTake  tasks.o
    0x08004d20   0x08004d20   0x00000038   Code   RO          901    i.usart2_init       usart2.o
    0x08004d58   0x08004d58   0x00000038   Code   RO          941    i.usart3_init       usart3.o
    0x08004d90   0x08004d90   0x00000038   Code   RO          808    i.usart_init        usart.o
    0x08004dc8   0x08004dc8   0x00000026   Code   RO         8738    i.uxListRemove      list.o
    0x08004dee   0x08004dee   0x00000002   PAD
    0x08004df0   0x08004df0   0x00000018   Code   RO         9232    i.uxTaskResetEventItemValue  tasks.o
    0x08004e08   0x08004e08   0x00000016   Code   RO         8739    i.vListInitialise   list.o
    0x08004e1e   0x08004e1e   0x00000006   Code   RO         8740    i.vListInitialiseItem  list.o
    0x08004e24   0x08004e24   0x00000030   Code   RO         8741    i.vListInsert       list.o
    0x08004e54   0x08004e54   0x00000018   Code   RO         8742    i.vListInsertEnd    list.o
    0x08004e6c   0x08004e6c   0x00000088   Code   RO         9855    i.vPortEnterCritical  port.o
    0x08004ef4   0x08004ef4   0x00000074   Code   RO         9856    i.vPortExitCritical  port.o
    0x08004f68   0x08004f68   0x000000b0   Code   RO         9787    i.vPortFree         heap_4.o
    0x08005018   0x08005018   0x00000024   Code   RO         9857    i.vPortSetupTimerInterrupt  port.o
    0x0800503c   0x0800503c   0x00000084   Code   RO         8800    i.vQueueAddToRegistry  queue.o
    0x080050c0   0x080050c0   0x00000044   Code   RO         8804    i.vQueueWaitForMessageRestricted  queue.o
    0x08005104   0x08005104   0x0000007c   Code   RO         9233    i.vTaskDelay        tasks.o
    0x08005180   0x08005180   0x000000e4   Code   RO         9234    i.vTaskDelete       tasks.o
    0x08005264   0x08005264   0x00000010   Code   RO         9238    i.vTaskInternalSetTimeOutState  tasks.o
    0x08005274   0x08005274   0x0000000c   Code   RO         9240    i.vTaskMissedYield  tasks.o
    0x08005280   0x08005280   0x00000064   Code   RO         9241    i.vTaskPlaceOnEventList  tasks.o
    0x080052e4   0x080052e4   0x00000088   Code   RO         9242    i.vTaskPlaceOnEventListRestricted  tasks.o
    0x0800536c   0x0800536c   0x0000009c   Code   RO         9243    i.vTaskPlaceOnUnorderedEventList  tasks.o
    0x08005408   0x08005408   0x000000f8   Code   RO         9246    i.vTaskRemoveFromUnorderedEventList  tasks.o
    0x08005500   0x08005500   0x000000a0   Code   RO         9250    i.vTaskStartScheduler  tasks.o
    0x080055a0   0x080055a0   0x00000010   Code   RO         9252    i.vTaskSuspendAll   tasks.o
    0x080055b0   0x080055b0   0x0000008c   Code   RO         9253    i.vTaskSwitchContext  tasks.o
    0x0800563c   0x0800563c   0x00000074   Code   RO         8625    i.xEventGroupClearBits  event_groups.o
    0x080056b0   0x080056b0   0x0000001a   Code   RO         8627    i.xEventGroupCreate  event_groups.o
    0x080056ca   0x080056ca   0x00000002   PAD
    0x080056cc   0x080056cc   0x000000c0   Code   RO         8629    i.xEventGroupSetBits  event_groups.o
    0x0800578c   0x0800578c   0x00000134   Code   RO         8632    i.xEventGroupWaitBits  event_groups.o
    0x080058c0   0x080058c0   0x00000144   Code   RO         9859    i.xPortStartScheduler  port.o
    0x08005a04   0x08005a04   0x0000002c   Code   RO         9860    i.xPortSysTickHandler  port.o
    0x08005a30   0x08005a30   0x00000098   Code   RO         8809    i.xQueueGenericCreate  queue.o
    0x08005ac8   0x08005ac8   0x000000e4   Code   RO         8810    i.xQueueGenericReset  queue.o
    0x08005bac   0x08005bac   0x00000160   Code   RO         8819    i.xQueueReceive     queue.o
    0x08005d0c   0x08005d0c   0x000000b8   Code   RO         9256    i.xTaskCheckForTimeOut  tasks.o
    0x08005dc4   0x08005dc4   0x00000056   Code   RO         9257    i.xTaskCreate       tasks.o
    0x08005e1a   0x08005e1a   0x00000002   PAD
    0x08005e1c   0x08005e1c   0x00000170   Code   RO         9259    i.xTaskGenericNotify  tasks.o
    0x08005f8c   0x08005f8c   0x0000001c   Code   RO         9266    i.xTaskGetSchedulerState  tasks.o
    0x08005fa8   0x08005fa8   0x0000000c   Code   RO         9267    i.xTaskGetTickCount  tasks.o
    0x08005fb4   0x08005fb4   0x00000168   Code   RO         9269    i.xTaskIncrementTick  tasks.o
    0x0800611c   0x0800611c   0x000000e4   Code   RO         9270    i.xTaskPriorityDisinherit  tasks.o
    0x08006200   0x08006200   0x0000010c   Code   RO         9272    i.xTaskRemoveFromEventList  tasks.o
    0x0800630c   0x0800630c   0x00000160   Code   RO         9273    i.xTaskResumeAll    tasks.o
    0x0800646c   0x0800646c   0x00000080   Code   RO         9637    i.xTimerCreateTimerTask  timers.o
    0x080064ec   0x080064ec   0x00000010   Code   RO         9946    i.xram_delay        XMRAM.lib(xmram.o)
    0x080064fc   0x080064fc   0x00000040   Code   RO          540    i.xunhang_task      freertos_demo.o
    0x0800653c   0x0800653c   0x00000010   Data   RO          496    .constdata          system_stm32f4xx.o
    0x0800654c   0x0800654c   0x00000008   Data   RO          497    .constdata          system_stm32f4xx.o
    0x08006554   0x08006554   0x00000024   Data   RO         8530    .constdata          malloc.o
    0x08006578   0x08006578   0x00000040   Data   RO        10365    .constdata          mc_w.l(ctype_c.o)
    0x080065b8   0x080065b8   0x00000020   Data   RO        10367    Region$$Table       anon$$obj.o


    Execution Region RW_IRAM1 (Exec base: 0x20000000, Load base: 0x080065d8, Size: 0x0001b3f0, Max: 0x00020000, ABSOLUTE)

    Exec Addr    Load Addr    Size         Type   Attr      Idx    E Section Name        Object

    0x20000000   0x080065d8   0x00000004   Data   RW          498    .data               system_stm32f4xx.o
    0x20000004   0x080065dc   0x00000020   Data   RW          546    .data               freertos_demo.o
    0x20000024   0x080065fc   0x00000004   Data   RW          678    .data               delay.o
    0x20000028   0x08006600   0x00000024   Data   RW          810    .data               usart.o
    0x2000004c   0x08006624   0x00000002   Data   RW          904    .data               usart2.o
    0x2000004e   0x08006626   0x00000001   Data   RW          905    .data               usart2.o
    0x2000004f   0x08006627   0x00000001   Data   RW          945    .data               usart3.o
    0x20000050   0x08006628   0x0000000c   Data   RW         1007    .data               stm32f4xx_hal.o
    0x2000005c   0x08006634   0x00000004   Data   RW         8347    .data               encoder.o
    0x20000060   0x08006638   0x00000024   Data   RW         8531    .data               malloc.o
    0x20000084   0x0800665c   0x00000040   Data   RW         9276    .data               tasks.o
    0x200000c4   0x0800669c   0x00000014   Data   RW         9646    .data               timers.o
    0x200000d8   0x080066b0   0x00000020   Data   RW         9793    .data               heap_4.o
    0x200000f8   0x080066d0   0x0000000c   Data   RW         9861    .data               port.o
    0x20000104   0x080066dc   0x0000000a   Data   RW         9947    .data               XMRAM.lib(xmram.o)
    0x2000010e   0x080066e6   0x00000002   PAD
    0x20000110   0x080066e8   0x00000004   Data   RW        10027    .data               mc_w.l(stderr.o)
    0x20000114        -       0x000001a8   Zero   RW          809    .bss                usart.o
    0x200002bc        -       0x00000080   Zero   RW          902    .bss                usart2.o
    0x2000033c        -       0x00000044   Zero   RW          903    .bss                usart2.o
    0x20000380        -       0x00000044   Zero   RW          943    .bss                usart3.o
    0x200003c4        -       0x00000050   Zero   RW         8262    .bss                sram.o
    0x20000414        -       0x00000120   Zero   RW         8342    .bss                encoder.o
    0x20000534        -       0x000000c8   Zero   RW         8401    .bss                motor.o
    0x200005fc        -       0x0000000c   Zero   RW         8486    .bss                iwdg.o
    0x20000608   0x080066ec   0x00000018   PAD
    0x20000620        -       0x00016800   Zero   RW         8528    .bss                malloc.o
    0x20016e20        -       0x00001680   Zero   RW         8529    .bss                malloc.o
    0x200184a0        -       0x00000040   Zero   RW         8826    .bss                queue.o
    0x200184e0        -       0x000002e4   Zero   RW         9275    .bss                tasks.o
    0x200187c4        -       0x00000028   Zero   RW         9645    .bss                timers.o
    0x200187ec        -       0x00002800   Zero   RW         9792    .bss                heap_4.o
    0x2001afec   0x080066ec   0x00000004   PAD
    0x2001aff0        -       0x00000400   Zero   RW            1    STACK               startup_stm32f407xx.o



  Load Region LR$$.ARM.__AT_0x10000000 (Base: 0x10000000, Size: 0x00000000, Max: 0x0000f000, ABSOLUTE)

    Execution Region ER$$.ARM.__AT_0x10000000 (Exec base: 0x10000000, Load base: 0x10000000, Size: 0x0000f000, Max: 0x0000f000, ABSOLUTE, UNINIT)

    Exec Addr    Load Addr    Size         Type   Attr      Idx    E Section Name        Object

    0x10000000        -       0x0000f000   Zero   RW         8524    .ARM.__AT_0x10000000  malloc.o



  Load Region LR$$.ARM.__AT_0x1000F000 (Base: 0x1000f000, Size: 0x00000000, Max: 0x00000f00, ABSOLUTE)

    Execution Region ER$$.ARM.__AT_0x1000F000 (Exec base: 0x1000f000, Load base: 0x1000f000, Size: 0x00000f00, Max: 0x00000f00, ABSOLUTE, UNINIT)

    Exec Addr    Load Addr    Size         Type   Attr      Idx    E Section Name        Object

    0x1000f000        -       0x00000f00   Zero   RW         8525    .ARM.__AT_0x1000F000  malloc.o



  Load Region LR$$.ARM.__AT_0x68000000 (Base: 0x68000000, Size: 0x00000000, Max: 0x000f0c00, ABSOLUTE)

    Execution Region ER$$.ARM.__AT_0x68000000 (Exec base: 0x68000000, Load base: 0x68000000, Size: 0x000f0c00, Max: 0x000f0c00, ABSOLUTE, UNINIT)

    Exec Addr    Load Addr    Size         Type   Attr      Idx    E Section Name        Object

    0x68000000        -       0x000f0c00   Zero   RW         8526    .ARM.__AT_0x68000000  malloc.o



  Load Region LR$$.ARM.__AT_0x680F0C00 (Base: 0x680f0c00, Size: 0x00000000, Max: 0x0000f0c0, ABSOLUTE)

    Execution Region ER$$.ARM.__AT_0x680F0C00 (Exec base: 0x680f0c00, Load base: 0x680f0c00, Size: 0x0000f0c0, Max: 0x0000f0c0, ABSOLUTE, UNINIT)

    Exec Addr    Load Addr    Size         Type   Attr      Idx    E Section Name        Object

    0x680f0c00        -       0x0000f0c0   Zero   RW         8527    .ARM.__AT_0x680F0C00  malloc.o


==============================================================================

Image component sizes


      Code (inc. data)   RO Data    RW Data    ZI Data      Debug   Object Name

       150          8          0          4          0       2797   delay.o
       790         60          0          4        288       4847   encoder.o
       662        186          0          0          0      19430   event_groups.o
       852        190          0         32          0      21433   freertos_demo.o
       636        166          0         32      10240       4519   heap_4.o
        28          8          0          0         12        771   iwdg.o
       116         12          0          0          0       3280   lcd.o
       138          0          0          0          0       3662   list.o
       208         46          0          0          0     705363   main.o
       134         18         36         36    1210944       4060   malloc.o
       932         80          0          0        200       6131   motor.o
      1006        376          0         12          0      10796   port.o
      1392        278          0          0         64      13735   queue.o
       164          8          0          0          0       1188   red.o
       360         30          0          0         80       1888   sram.o
        52         14        392          0       1024       1004   startup_stm32f407xx.o
       148         28          0         12          0       9680   stm32f4xx_hal.o
       222         14          0          0          0      34929   stm32f4xx_hal_cortex.o
       178          0          0          0          0       2247   stm32f4xx_hal_dma.o
       512         44          0          0          0       3051   stm32f4xx_hal_gpio.o
       102          0          0          0          0       2003   stm32f4xx_hal_iwdg.o
         2          0          0          0          0        578   stm32f4xx_hal_msp_template.o
      1344         72          0          0          0       5536   stm32f4xx_hal_rcc.o
        86          0          0          0          0       1316   stm32f4xx_hal_sram.o
      2812        194          0          0          0      21287   stm32f4xx_hal_tim.o
         4          0          0          0          0       1753   stm32f4xx_hal_tim_ex.o
      1234         16          0          0          0       9440   stm32f4xx_hal_uart.o
        12          0          0          0          0       3037   stm32f4xx_it.o
       216         12          0          0          0       2903   stm32f4xx_ll_fsmc.o
       148         12          0          0          0       1363   sys.o
        16          4         24          4          0       1483   system_stm32f4xx.o
      4202       1058          0         64        740      39128   tasks.o
       880        184          0         20         40      13636   timers.o
      1152        132          0         36        424       7786   usart.o
        68         18          0          3        196       1964   usart2.o
        68         18          0          1         68       1963   usart3.o

    ----------------------------------------------------------------------
     21074       3286        484        260    1224348     969987   Object Totals
         0          0         32          0          0          0   (incl. Generated)
        48          0          0          0         28          0   (incl. Padding)

    ----------------------------------------------------------------------

      Code (inc. data)   RO Data    RW Data    ZI Data      Debug   Library Member Name

      1362        112          0         10          0     236098   xmram.o
        56          8          0          0          0         84   __0sscanf.o
        28          0          0          0          0         68   _chval.o
       812          4          0          0          0        112   _scanf.o
       332          0          0          0          0         96   _scanf_int.o
        64          0          0          0          0         84   _sgetc.o
        40          6         64          0          0         68   ctype_c.o
         0          0          0          0          0          0   entry.o
         0          0          0          0          0          0   entry10a.o
         0          0          0          0          0          0   entry11a.o
         8          4          0          0          0          0   entry2.o
         4          0          0          0          0          0   entry5.o
         0          0          0          0          0          0   entry7b.o
         0          0          0          0          0          0   entry8b.o
         8          4          0          0          0          0   entry9a.o
        30          0          0          0          0          0   handlers.o
        36          8          0          0          0         68   init.o
        10          0          0          0          0         68   isspace_c.o
         0          0          0          0          0          0   iusefp.o
        30          0          0          0          0         68   llshl.o
        32          0          0          0          0         68   llushr.o
        36          0          0          0          0         68   memcpya.o
        36          0          0          0          0        108   memseta.o
       764         62          0          0          0        268   printf5.o
        40          8          0          0          0         84   scanf_char.o
         0          0          0          4          0          0   stderr.o
        98          0          0          0          0         92   uldiv.o
        56          0          0          0          0         88   d2f.o
       186          0          0          0          0        176   depilogue.o
        34          0          0          0          0         76   dflti.o
       228          0          0          0          0         96   dmul.o
       110          0          0          0          0        168   fepilogue.o

    ----------------------------------------------------------------------
      4450        216         64         16          0     238106   Library Totals
        10          0          0          2          0          0   (incl. Padding)

    ----------------------------------------------------------------------

      Code (inc. data)   RO Data    RW Data    ZI Data      Debug   Library Name

      1362        112          0         10          0     236098   XMRAM.lib
      2464        104         64          4          0       1404   mc_w.l
       614          0          0          0          0        604   mf_w.l

    ----------------------------------------------------------------------
      4450        216         64         16          0     238106   Library Totals

    ----------------------------------------------------------------------

==============================================================================


      Code (inc. data)   RO Data    RW Data    ZI Data      Debug   

     25524       3502        548        276    1224348    1188809   Grand Totals
     25524       3502        548        276    1224348    1188809   ELF Image Totals
     25524       3502        548        276          0          0   ROM Totals

==============================================================================

    Total RO  Size (Code + RO Data)                26072 (  25.46kB)
    Total RW  Size (RW Data + ZI Data)           1224624 (1195.92kB)
    Total ROM Size (Code + RO Data + RW Data)      26348 (  25.73kB)

==============================================================================

